  Determining projects to restore...
C:\Users\Koushik Gaddam\OneDrive\Desktop\KOUSHIK\backend\HealthInsurance.Infrastructure\HealthInsurance.Infrastructure.csproj : warning NU1701: Package 'LightInject.Web 2.0.0' was restored using '.NETFramework,Version=v4.6.1, .NETFramework,Version=v4.6.2, .NETFramework,Version=v4.7, .NETFramework,Version=v4.7.1, .NETFramework,Version=v4.7.2, .NETFramework,Version=v4.8, .NETFramework,Version=v4.8.1' instead of the project target framework 'net8.0'. This package may not be fully compatible with your project. [C:\Users\Koushik Gaddam\OneDrive\Desktop\KOUSHIK\backend\backend.sln]
C:\Users\Koushik Gaddam\OneDrive\Desktop\KOUSHIK\backend\HealthInsurance.API\HealthInsurance.API.csproj : warning NU1701: Package 'LightInject.Web 2.0.0' was restored using '.NETFramework,Version=v4.6.1, .NETFramework,Version=v4.6.2, .NETFramework,Version=v4.7, .NETFramework,Version=v4.7.1, .NETFramework,Version=v4.7.2, .NETFramework,Version=v4.8, .NETFramework,Version=v4.8.1' instead of the project target framework 'net8.0'. This package may not be fully compatible with your project. [C:\Users\Koushik Gaddam\OneDrive\Desktop\KOUSHIK\backend\backend.sln]
C:\Users\Koushik Gaddam\OneDrive\Desktop\KOUSHIK\backend\HealthInsurance.Infrastructure\HealthInsurance.Infrastructure.csproj : warning NU1701: Package 'Microsoft.AspNet.Identity.Core 2.2.2' was restored using '.NETFramework,Version=v4.6.1, .NETFramework,Version=v4.6.2, .NETFramework,Version=v4.7, .NETFramework,Version=v4.7.1, .NETFramework,Version=v4.7.2, .NETFramework,Version=v4.8, .NETFramework,Version=v4.8.1' instead of the project target framework 'net8.0'. This package may not be fully compatible with your project. [C:\Users\Koushik Gaddam\OneDrive\Desktop\KOUSHIK\backend\backend.sln]
C:\Users\Koushik Gaddam\OneDrive\Desktop\KOUSHIK\backend\HealthInsurance.API\HealthInsurance.API.csproj : warning NU1701: Package 'Microsoft.AspNet.Identity.Core 2.2.2' was restored using '.NETFramework,Version=v4.6.1, .NETFramework,Version=v4.6.2, .NETFramework,Version=v4.7, .NETFramework,Version=v4.7.1, .NETFramework,Version=v4.7.2, .NETFramework,Version=v4.8, .NETFramework,Version=v4.8.1' instead of the project target framework 'net8.0'. This package may not be fully compatible with your project. [C:\Users\Koushik Gaddam\OneDrive\Desktop\KOUSHIK\backend\backend.sln]
C:\Users\Koushik Gaddam\OneDrive\Desktop\KOUSHIK\backend\HealthInsurance.Infrastructure\HealthInsurance.Infrastructure.csproj : warning NU1701: Package 'Microsoft.Owin 4.0.1' was restored using '.NETFramework,Version=v4.6.1, .NETFramework,Version=v4.6.2, .NETFramework,Version=v4.7, .NETFramework,Version=v4.7.1, .NETFramework,Version=v4.7.2, .NETFramework,Version=v4.8, .NETFramework,Version=v4.8.1' instead of the project target framework 'net8.0'. This package may not be fully compatible with your project. [C:\Users\Koushik Gaddam\OneDrive\Desktop\KOUSHIK\backend\backend.sln]
C:\Users\Koushik Gaddam\OneDrive\Desktop\KOUSHIK\backend\HealthInsurance.Infrastructure\HealthInsurance.Infrastructure.csproj : warning NU1701: Package 'MiniProfiler 4.0.138' was restored using '.NETFramework,Version=v4.6.1, .NETFramework,Version=v4.6.2, .NETFramework,Version=v4.7, .NETFramework,Version=v4.7.1, .NETFramework,Version=v4.7.2, .NETFramework,Version=v4.8, .NETFramework,Version=v4.8.1' instead of the project target framework 'net8.0'. This package may not be fully compatible with your project. [C:\Users\Koushik Gaddam\OneDrive\Desktop\KOUSHIK\backend\backend.sln]
C:\Users\Koushik Gaddam\OneDrive\Desktop\KOUSHIK\backend\HealthInsurance.Infrastructure\HealthInsurance.Infrastructure.csproj : warning NU1701: Package 'Owin 1.0.0' was restored using '.NETFramework,Version=v4.6.1, .NETFramework,Version=v4.6.2, .NETFramework,Version=v4.7, .NETFramework,Version=v4.7.1, .NETFramework,Version=v4.7.2, .NETFramework,Version=v4.8, .NETFramework,Version=v4.8.1' instead of the project target framework 'net8.0'. This package may not be fully compatible with your project. [C:\Users\Koushik Gaddam\OneDrive\Desktop\KOUSHIK\backend\backend.sln]
C:\Users\Koushik Gaddam\OneDrive\Desktop\KOUSHIK\backend\HealthInsurance.Infrastructure\HealthInsurance.Infrastructure.csproj : warning NU1701: Package 'UmbracoCms.Core 8.18.15' was restored using '.NETFramework,Version=v4.6.1, .NETFramework,Version=v4.6.2, .NETFramework,Version=v4.7, .NETFramework,Version=v4.7.1, .NETFramework,Version=v4.7.2, .NETFramework,Version=v4.8, .NETFramework,Version=v4.8.1' instead of the project target framework 'net8.0'. This package may not be fully compatible with your project. [C:\Users\Koushik Gaddam\OneDrive\Desktop\KOUSHIK\backend\backend.sln]
C:\Users\Koushik Gaddam\OneDrive\Desktop\KOUSHIK\backend\HealthInsurance.API\HealthInsurance.API.csproj : warning NU1701: Package 'Microsoft.Owin 4.0.1' was restored using '.NETFramework,Version=v4.6.1, .NETFramework,Version=v4.6.2, .NETFramework,Version=v4.7, .NETFramework,Version=v4.7.1, .NETFramework,Version=v4.7.2, .NETFramework,Version=v4.8, .NETFramework,Version=v4.8.1' instead of the project target framework 'net8.0'. This package may not be fully compatible with your project. [C:\Users\Koushik Gaddam\OneDrive\Desktop\KOUSHIK\backend\backend.sln]
C:\Users\Koushik Gaddam\OneDrive\Desktop\KOUSHIK\backend\HealthInsurance.API\HealthInsurance.API.csproj : warning NU1701: Package 'MiniProfiler 4.0.138' was restored using '.NETFramework,Version=v4.6.1, .NETFramework,Version=v4.6.2, .NETFramework,Version=v4.7, .NETFramework,Version=v4.7.1, .NETFramework,Version=v4.7.2, .NETFramework,Version=v4.8, .NETFramework,Version=v4.8.1' instead of the project target framework 'net8.0'. This package may not be fully compatible with your project. [C:\Users\Koushik Gaddam\OneDrive\Desktop\KOUSHIK\backend\backend.sln]
C:\Users\Koushik Gaddam\OneDrive\Desktop\KOUSHIK\backend\HealthInsurance.API\HealthInsurance.API.csproj : warning NU1701: Package 'Owin 1.0.0' was restored using '.NETFramework,Version=v4.6.1, .NETFramework,Version=v4.6.2, .NETFramework,Version=v4.7, .NETFramework,Version=v4.7.1, .NETFramework,Version=v4.7.2, .NETFramework,Version=v4.8, .NETFramework,Version=v4.8.1' instead of the project target framework 'net8.0'. This package may not be fully compatible with your project. [C:\Users\Koushik Gaddam\OneDrive\Desktop\KOUSHIK\backend\backend.sln]
C:\Users\Koushik Gaddam\OneDrive\Desktop\KOUSHIK\backend\HealthInsurance.API\HealthInsurance.API.csproj : warning NU1701: Package 'UmbracoCms.Core 8.18.15' was restored using '.NETFramework,Version=v4.6.1, .NETFramework,Version=v4.6.2, .NETFramework,Version=v4.7, .NETFramework,Version=v4.7.1, .NETFramework,Version=v4.7.2, .NETFramework,Version=v4.8, .NETFramework,Version=v4.8.1' instead of the project target framework 'net8.0'. This package may not be fully compatible with your project. [C:\Users\Koushik Gaddam\OneDrive\Desktop\KOUSHIK\backend\backend.sln]
  All projects are up-to-date for restore.
C:\Users\Koushik Gaddam\OneDrive\Desktop\KOUSHIK\backend\HealthInsurance.Infrastructure\HealthInsurance.Infrastructure.csproj : warning NU1701: Package 'LightInject.Web 2.0.0' was restored using '.NETFramework,Version=v4.6.1, .NETFramework,Version=v4.6.2, .NETFramework,Version=v4.7, .NETFramework,Version=v4.7.1, .NETFramework,Version=v4.7.2, .NETFramework,Version=v4.8, .NETFramework,Version=v4.8.1' instead of the project target framework 'net8.0'. This package may not be fully compatible with your project.
C:\Users\Koushik Gaddam\OneDrive\Desktop\KOUSHIK\backend\HealthInsurance.Infrastructure\HealthInsurance.Infrastructure.csproj : warning NU1701: Package 'Microsoft.AspNet.Identity.Core 2.2.2' was restored using '.NETFramework,Version=v4.6.1, .NETFramework,Version=v4.6.2, .NETFramework,Version=v4.7, .NETFramework,Version=v4.7.1, .NETFramework,Version=v4.7.2, .NETFramework,Version=v4.8, .NETFramework,Version=v4.8.1' instead of the project target framework 'net8.0'. This package may not be fully compatible with your project.
C:\Users\Koushik Gaddam\OneDrive\Desktop\KOUSHIK\backend\HealthInsurance.Infrastructure\HealthInsurance.Infrastructure.csproj : warning NU1701: Package 'Microsoft.Owin 4.0.1' was restored using '.NETFramework,Version=v4.6.1, .NETFramework,Version=v4.6.2, .NETFramework,Version=v4.7, .NETFramework,Version=v4.7.1, .NETFramework,Version=v4.7.2, .NETFramework,Version=v4.8, .NETFramework,Version=v4.8.1' instead of the project target framework 'net8.0'. This package may not be fully compatible with your project.
C:\Users\Koushik Gaddam\OneDrive\Desktop\KOUSHIK\backend\HealthInsurance.Infrastructure\HealthInsurance.Infrastructure.csproj : warning NU1701: Package 'MiniProfiler 4.0.138' was restored using '.NETFramework,Version=v4.6.1, .NETFramework,Version=v4.6.2, .NETFramework,Version=v4.7, .NETFramework,Version=v4.7.1, .NETFramework,Version=v4.7.2, .NETFramework,Version=v4.8, .NETFramework,Version=v4.8.1' instead of the project target framework 'net8.0'. This package may not be fully compatible with your project.
C:\Users\Koushik Gaddam\OneDrive\Desktop\KOUSHIK\backend\HealthInsurance.Infrastructure\HealthInsurance.Infrastructure.csproj : warning NU1701: Package 'Owin 1.0.0' was restored using '.NETFramework,Version=v4.6.1, .NETFramework,Version=v4.6.2, .NETFramework,Version=v4.7, .NETFramework,Version=v4.7.1, .NETFramework,Version=v4.7.2, .NETFramework,Version=v4.8, .NETFramework,Version=v4.8.1' instead of the project target framework 'net8.0'. This package may not be fully compatible with your project.
C:\Users\Koushik Gaddam\OneDrive\Desktop\KOUSHIK\backend\HealthInsurance.Infrastructure\HealthInsurance.Infrastructure.csproj : warning NU1701: Package 'UmbracoCms.Core 8.18.15' was restored using '.NETFramework,Version=v4.6.1, .NETFramework,Version=v4.6.2, .NETFramework,Version=v4.7, .NETFramework,Version=v4.7.1, .NETFramework,Version=v4.7.2, .NETFramework,Version=v4.8, .NETFramework,Version=v4.8.1' instead of the project target framework 'net8.0'. This package may not be fully compatible with your project.
C:\Users\Koushik Gaddam\OneDrive\Desktop\KOUSHIK\backend\HealthInsurance.API\HealthInsurance.API.csproj : warning NU1701: Package 'LightInject.Web 2.0.0' was restored using '.NETFramework,Version=v4.6.1, .NETFramework,Version=v4.6.2, .NETFramework,Version=v4.7, .NETFramework,Version=v4.7.1, .NETFramework,Version=v4.7.2, .NETFramework,Version=v4.8, .NETFramework,Version=v4.8.1' instead of the project target framework 'net8.0'. This package may not be fully compatible with your project.
C:\Users\Koushik Gaddam\OneDrive\Desktop\KOUSHIK\backend\HealthInsurance.API\HealthInsurance.API.csproj : warning NU1701: Package 'Microsoft.AspNet.Identity.Core 2.2.2' was restored using '.NETFramework,Version=v4.6.1, .NETFramework,Version=v4.6.2, .NETFramework,Version=v4.7, .NETFramework,Version=v4.7.1, .NETFramework,Version=v4.7.2, .NETFramework,Version=v4.8, .NETFramework,Version=v4.8.1' instead of the project target framework 'net8.0'. This package may not be fully compatible with your project.
C:\Users\Koushik Gaddam\OneDrive\Desktop\KOUSHIK\backend\HealthInsurance.API\HealthInsurance.API.csproj : warning NU1701: Package 'Microsoft.Owin 4.0.1' was restored using '.NETFramework,Version=v4.6.1, .NETFramework,Version=v4.6.2, .NETFramework,Version=v4.7, .NETFramework,Version=v4.7.1, .NETFramework,Version=v4.7.2, .NETFramework,Version=v4.8, .NETFramework,Version=v4.8.1' instead of the project target framework 'net8.0'. This package may not be fully compatible with your project.
C:\Users\Koushik Gaddam\OneDrive\Desktop\KOUSHIK\backend\HealthInsurance.API\HealthInsurance.API.csproj : warning NU1701: Package 'MiniProfiler 4.0.138' was restored using '.NETFramework,Version=v4.6.1, .NETFramework,Version=v4.6.2, .NETFramework,Version=v4.7, .NETFramework,Version=v4.7.1, .NETFramework,Version=v4.7.2, .NETFramework,Version=v4.8, .NETFramework,Version=v4.8.1' instead of the project target framework 'net8.0'. This package may not be fully compatible with your project.
C:\Users\Koushik Gaddam\OneDrive\Desktop\KOUSHIK\backend\HealthInsurance.API\HealthInsurance.API.csproj : warning NU1701: Package 'Owin 1.0.0' was restored using '.NETFramework,Version=v4.6.1, .NETFramework,Version=v4.6.2, .NETFramework,Version=v4.7, .NETFramework,Version=v4.7.1, .NETFramework,Version=v4.7.2, .NETFramework,Version=v4.8, .NETFramework,Version=v4.8.1' instead of the project target framework 'net8.0'. This package may not be fully compatible with your project.
C:\Users\Koushik Gaddam\OneDrive\Desktop\KOUSHIK\backend\HealthInsurance.API\HealthInsurance.API.csproj : warning NU1701: Package 'UmbracoCms.Core 8.18.15' was restored using '.NETFramework,Version=v4.6.1, .NETFramework,Version=v4.6.2, .NETFramework,Version=v4.7, .NETFramework,Version=v4.7.1, .NETFramework,Version=v4.7.2, .NETFramework,Version=v4.8, .NETFramework,Version=v4.8.1' instead of the project target framework 'net8.0'. This package may not be fully compatible with your project.
  HealthInsurance.Domain -> C:\Users\Koushik Gaddam\OneDrive\Desktop\KOUSHIK\backend\HealthInsurance.Domain\bin\Debug\net8.0\HealthInsurance.Domain.dll
  HealthInsurance.Application -> C:\Users\Koushik Gaddam\OneDrive\Desktop\KOUSHIK\backend\HealthInsurance.Application\bin\Debug\net8.0\HealthInsurance.Application.dll
  HealthInsurance.Infrastructure -> C:\Users\Koushik Gaddam\OneDrive\Desktop\KOUSHIK\backend\HealthInsurance.Infrastructure\bin\Debug\net8.0\HealthInsurance.Infrastructure.dll
C:\Program Files\dotnet\sdk\9.0.310\Microsoft.Common.CurrentVersion.targets(5093,5): warning MSB3026: Could not copy "C:\Users\Koushik Gaddam\OneDrive\Desktop\KOUSHIK\backend\HealthInsurance.Domain\bin\Debug\net8.0\HealthInsurance.Domain.dll" to "bin\Debug\net8.0\HealthInsurance.Domain.dll". Beginning retry 1 in 1000ms. The process cannot access the file 'C:\Users\Koushik Gaddam\OneDrive\Desktop\KOUSHIK\backend\HealthInsurance.API\bin\Debug\net8.0\HealthInsurance.Domain.dll' because it is being used by another process. The file is locked by: "HealthInsurance.API (26692)" [C:\Users\Koushik Gaddam\OneDrive\Desktop\KOUSHIK\backend\HealthInsurance.API\HealthInsurance.API.csproj]
C:\Program Files\dotnet\sdk\9.0.310\Microsoft.Common.CurrentVersion.targets(5093,5): warning MSB3026: Could not copy "C:\Users\Koushik Gaddam\OneDrive\Desktop\KOUSHIK\backend\HealthInsurance.Infrastructure\bin\Debug\net8.0\HealthInsurance.Infrastructure.dll" to "bin\Debug\net8.0\HealthInsurance.Infrastructure.dll". Beginning retry 1 in 1000ms. The process cannot access the file 'C:\Users\Koushik Gaddam\OneDrive\Desktop\KOUSHIK\backend\HealthInsurance.API\bin\Debug\net8.0\HealthInsurance.Infrastructure.dll' because it is being used by another process. The file is locked by: "HealthInsurance.API (26692)" [C:\Users\Koushik Gaddam\OneDrive\Desktop\KOUSHIK\backend\HealthInsurance.API\HealthInsurance.API.csproj]
C:\Program Files\dotnet\sdk\9.0.310\Microsoft.Common.CurrentVersion.targets(5093,5): warning MSB3026: Could not copy "C:\Users\Koushik Gaddam\OneDrive\Desktop\KOUSHIK\backend\HealthInsurance.Application\bin\Debug\net8.0\HealthInsurance.Application.dll" to "bin\Debug\net8.0\HealthInsurance.Application.dll". Beginning retry 1 in 1000ms. The process cannot access the file 'C:\Users\Koushik Gaddam\OneDrive\Desktop\KOUSHIK\backend\HealthInsurance.API\bin\Debug\net8.0\HealthInsurance.Application.dll' because it is being used by another process. The file is locked by: "HealthInsurance.API (26692)" [C:\Users\Koushik Gaddam\OneDrive\Desktop\KOUSHIK\backend\HealthInsurance.API\HealthInsurance.API.csproj]
C:\Program Files\dotnet\sdk\9.0.310\Microsoft.Common.CurrentVersion.targets(5093,5): warning MSB3026: Could not copy "C:\Users\Koushik Gaddam\OneDrive\Desktop\KOUSHIK\backend\HealthInsurance.Application\bin\Debug\net8.0\HealthInsurance.Application.dll" to "bin\Debug\net8.0\HealthInsurance.Application.dll". Beginning retry 2 in 1000ms. The process cannot access the file 'C:\Users\Koushik Gaddam\OneDrive\Desktop\KOUSHIK\backend\HealthInsurance.API\bin\Debug\net8.0\HealthInsurance.Application.dll' because it is being used by another process. The file is locked by: "HealthInsurance.API (26692)" [C:\Users\Koushik Gaddam\OneDrive\Desktop\KOUSHIK\backend\HealthInsurance.API\HealthInsurance.API.csproj]
C:\Program Files\dotnet\sdk\9.0.310\Microsoft.Common.CurrentVersion.targets(5093,5): warning MSB3026: Could not copy "C:\Users\Koushik Gaddam\OneDrive\Desktop\KOUSHIK\backend\HealthInsurance.Domain\bin\Debug\net8.0\HealthInsurance.Domain.dll" to "bin\Debug\net8.0\HealthInsurance.Domain.dll". Beginning retry 2 in 1000ms. The process cannot access the file 'C:\Users\Koushik Gaddam\OneDrive\Desktop\KOUSHIK\backend\HealthInsurance.API\bin\Debug\net8.0\HealthInsurance.Domain.dll' because it is being used by another process. The file is locked by: "HealthInsurance.API (26692)" [C:\Users\Koushik Gaddam\OneDrive\Desktop\KOUSHIK\backend\HealthInsurance.API\HealthInsurance.API.csproj]
C:\Program Files\dotnet\sdk\9.0.310\Microsoft.Common.CurrentVersion.targets(5093,5): warning MSB3026: Could not copy "C:\Users\Koushik Gaddam\OneDrive\Desktop\KOUSHIK\backend\HealthInsurance.Infrastructure\bin\Debug\net8.0\HealthInsurance.Infrastructure.dll" to "bin\Debug\net8.0\HealthInsurance.Infrastructure.dll". Beginning retry 2 in 1000ms. The process cannot access the file 'C:\Users\Koushik Gaddam\OneDrive\Desktop\KOUSHIK\backend\HealthInsurance.API\bin\Debug\net8.0\HealthInsurance.Infrastructure.dll' because it is being used by another process. The file is locked by: "HealthInsurance.API (26692)" [C:\Users\Koushik Gaddam\OneDrive\Desktop\KOUSHIK\backend\HealthInsurance.API\HealthInsurance.API.csproj]
C:\Program Files\dotnet\sdk\9.0.310\Microsoft.Common.CurrentVersion.targets(5093,5): warning MSB3026: Could not copy "C:\Users\Koushik Gaddam\OneDrive\Desktop\KOUSHIK\backend\HealthInsurance.Domain\bin\Debug\net8.0\HealthInsurance.Domain.dll" to "bin\Debug\net8.0\HealthInsurance.Domain.dll". Beginning retry 3 in 1000ms. The process cannot access the file 'C:\Users\Koushik Gaddam\OneDrive\Desktop\KOUSHIK\backend\HealthInsurance.API\bin\Debug\net8.0\HealthInsurance.Domain.dll' because it is being used by another process. The file is locked by: "HealthInsurance.API (26692)" [C:\Users\Koushik Gaddam\OneDrive\Desktop\KOUSHIK\backend\HealthInsurance.API\HealthInsurance.API.csproj]
C:\Program Files\dotnet\sdk\9.0.310\Microsoft.Common.CurrentVersion.targets(5093,5): warning MSB3026: Could not copy "C:\Users\Koushik Gaddam\OneDrive\Desktop\KOUSHIK\backend\HealthInsurance.Application\bin\Debug\net8.0\HealthInsurance.Application.dll" to "bin\Debug\net8.0\HealthInsurance.Application.dll". Beginning retry 3 in 1000ms. The process cannot access the file 'C:\Users\Koushik Gaddam\OneDrive\Desktop\KOUSHIK\backend\HealthInsurance.API\bin\Debug\net8.0\HealthInsurance.Application.dll' because it is being used by another process. The file is locked by: "HealthInsurance.API (26692)" [C:\Users\Koushik Gaddam\OneDrive\Desktop\KOUSHIK\backend\HealthInsurance.API\HealthInsurance.API.csproj]
C:\Program Files\dotnet\sdk\9.0.310\Microsoft.Common.CurrentVersion.targets(5093,5): warning MSB3026: Could not copy "C:\Users\Koushik Gaddam\OneDrive\Desktop\KOUSHIK\backend\HealthInsurance.Infrastructure\bin\Debug\net8.0\HealthInsurance.Infrastructure.dll" to "bin\Debug\net8.0\HealthInsurance.Infrastructure.dll". Beginning retry 3 in 1000ms. The process cannot access the file 'C:\Users\Koushik Gaddam\OneDrive\Desktop\KOUSHIK\backend\HealthInsurance.API\bin\Debug\net8.0\HealthInsurance.Infrastructure.dll' because it is being used by another process. The file is locked by: "HealthInsurance.API (26692)" [C:\Users\Koushik Gaddam\OneDrive\Desktop\KOUSHIK\backend\HealthInsurance.API\HealthInsurance.API.csproj]
C:\Program Files\dotnet\sdk\9.0.310\Microsoft.Common.CurrentVersion.targets(5093,5): warning MSB3026: Could not copy "C:\Users\Koushik Gaddam\OneDrive\Desktop\KOUSHIK\backend\HealthInsurance.Infrastructure\bin\Debug\net8.0\HealthInsurance.Infrastructure.dll" to "bin\Debug\net8.0\HealthInsurance.Infrastructure.dll". Beginning retry 4 in 1000ms. The process cannot access the file 'C:\Users\Koushik Gaddam\OneDrive\Desktop\KOUSHIK\backend\HealthInsurance.API\bin\Debug\net8.0\HealthInsurance.Infrastructure.dll' because it is being used by another process. The file is locked by: "HealthInsurance.API (26692)" [C:\Users\Koushik Gaddam\OneDrive\Desktop\KOUSHIK\backend\HealthInsurance.API\HealthInsurance.API.csproj]
C:\Program Files\dotnet\sdk\9.0.310\Microsoft.Common.CurrentVersion.targets(5093,5): warning MSB3026: Could not copy "C:\Users\Koushik Gaddam\OneDrive\Desktop\KOUSHIK\backend\HealthInsurance.Application\bin\Debug\net8.0\HealthInsurance.Application.dll" to "bin\Debug\net8.0\HealthInsurance.Application.dll". Beginning retry 4 in 1000ms. The process cannot access the file 'C:\Users\Koushik Gaddam\OneDrive\Desktop\KOUSHIK\backend\HealthInsurance.API\bin\Debug\net8.0\HealthInsurance.Application.dll' because it is being used by another process. The file is locked by: "HealthInsurance.API (26692)" [C:\Users\Koushik Gaddam\OneDrive\Desktop\KOUSHIK\backend\HealthInsurance.API\HealthInsurance.API.csproj]
C:\Program Files\dotnet\sdk\9.0.310\Microsoft.Common.CurrentVersion.targets(5093,5): warning MSB3026: Could not copy "C:\Users\Koushik Gaddam\OneDrive\Desktop\KOUSHIK\backend\HealthInsurance.Domain\bin\Debug\net8.0\HealthInsurance.Domain.dll" to "bin\Debug\net8.0\HealthInsurance.Domain.dll". Beginning retry 4 in 1000ms. The process cannot access the file 'C:\Users\Koushik Gaddam\OneDrive\Desktop\KOUSHIK\backend\HealthInsurance.API\bin\Debug\net8.0\HealthInsurance.Domain.dll' because it is being used by another process. The file is locked by: "HealthInsurance.API (26692)" [C:\Users\Koushik Gaddam\OneDrive\Desktop\KOUSHIK\backend\HealthInsurance.API\HealthInsurance.API.csproj]
C:\Program Files\dotnet\sdk\9.0.310\Microsoft.Common.CurrentVersion.targets(5093,5): warning MSB3026: Could not copy "C:\Users\Koushik Gaddam\OneDrive\Desktop\KOUSHIK\backend\HealthInsurance.Domain\bin\Debug\net8.0\HealthInsurance.Domain.dll" to "bin\Debug\net8.0\HealthInsurance.Domain.dll". Beginning retry 5 in 1000ms. The process cannot access the file 'C:\Users\Koushik Gaddam\OneDrive\Desktop\KOUSHIK\backend\HealthInsurance.API\bin\Debug\net8.0\HealthInsurance.Domain.dll' because it is being used by another process. The file is locked by: "HealthInsurance.API (26692)" [C:\Users\Koushik Gaddam\OneDrive\Desktop\KOUSHIK\backend\HealthInsurance.API\HealthInsurance.API.csproj]
C:\Program Files\dotnet\sdk\9.0.310\Microsoft.Common.CurrentVersion.targets(5093,5): warning MSB3026: Could not copy "C:\Users\Koushik Gaddam\OneDrive\Desktop\KOUSHIK\backend\HealthInsurance.Application\bin\Debug\net8.0\HealthInsurance.Application.dll" to "bin\Debug\net8.0\HealthInsurance.Application.dll". Beginning retry 5 in 1000ms. The process cannot access the file 'C:\Users\Koushik Gaddam\OneDrive\Desktop\KOUSHIK\backend\HealthInsurance.API\bin\Debug\net8.0\HealthInsurance.Application.dll' because it is being used by another process. The file is locked by: "HealthInsurance.API (26692)" [C:\Users\Koushik Gaddam\OneDrive\Desktop\KOUSHIK\backend\HealthInsurance.API\HealthInsurance.API.csproj]
C:\Program Files\dotnet\sdk\9.0.310\Microsoft.Common.CurrentVersion.targets(5093,5): warning MSB3026: Could not copy "C:\Users\Koushik Gaddam\OneDrive\Desktop\KOUSHIK\backend\HealthInsurance.Infrastructure\bin\Debug\net8.0\HealthInsurance.Infrastructure.dll" to "bin\Debug\net8.0\HealthInsurance.Infrastructure.dll". Beginning retry 5 in 1000ms. The process cannot access the file 'C:\Users\Koushik Gaddam\OneDrive\Desktop\KOUSHIK\backend\HealthInsurance.API\bin\Debug\net8.0\HealthInsurance.Infrastructure.dll' because it is being used by another process. The file is locked by: "HealthInsurance.API (26692)" [C:\Users\Koushik Gaddam\OneDrive\Desktop\KOUSHIK\backend\HealthInsurance.API\HealthInsurance.API.csproj]
C:\Program Files\dotnet\sdk\9.0.310\Microsoft.Common.CurrentVersion.targets(5093,5): warning MSB3026: Could not copy "C:\Users\Koushik Gaddam\OneDrive\Desktop\KOUSHIK\backend\HealthInsurance.Domain\bin\Debug\net8.0\HealthInsurance.Domain.dll" to "bin\Debug\net8.0\HealthInsurance.Domain.dll". Beginning retry 6 in 1000ms. The process cannot access the file 'C:\Users\Koushik Gaddam\OneDrive\Desktop\KOUSHIK\backend\HealthInsurance.API\bin\Debug\net8.0\HealthInsurance.Domain.dll' because it is being used by another process. The file is locked by: "HealthInsurance.API (26692)" [C:\Users\Koushik Gaddam\OneDrive\Desktop\KOUSHIK\backend\HealthInsurance.API\HealthInsurance.API.csproj]
C:\Program Files\dotnet\sdk\9.0.310\Microsoft.Common.CurrentVersion.targets(5093,5): warning MSB3026: Could not copy "C:\Users\Koushik Gaddam\OneDrive\Desktop\KOUSHIK\backend\HealthInsurance.Application\bin\Debug\net8.0\HealthInsurance.Application.dll" to "bin\Debug\net8.0\HealthInsurance.Application.dll". Beginning retry 6 in 1000ms. The process cannot access the file 'C:\Users\Koushik Gaddam\OneDrive\Desktop\KOUSHIK\backend\HealthInsurance.API\bin\Debug\net8.0\HealthInsurance.Application.dll' because it is being used by another process. The file is locked by: "HealthInsurance.API (26692)" [C:\Users\Koushik Gaddam\OneDrive\Desktop\KOUSHIK\backend\HealthInsurance.API\HealthInsurance.API.csproj]
C:\Program Files\dotnet\sdk\9.0.310\Microsoft.Common.CurrentVersion.targets(5093,5): warning MSB3026: Could not copy "C:\Users\Koushik Gaddam\OneDrive\Desktop\KOUSHIK\backend\HealthInsurance.Infrastructure\bin\Debug\net8.0\HealthInsurance.Infrastructure.dll" to "bin\Debug\net8.0\HealthInsurance.Infrastructure.dll". Beginning retry 6 in 1000ms. The process cannot access the file 'C:\Users\Koushik Gaddam\OneDrive\Desktop\KOUSHIK\backend\HealthInsurance.API\bin\Debug\net8.0\HealthInsurance.Infrastructure.dll' because it is being used by another process. The file is locked by: "HealthInsurance.API (26692)" [C:\Users\Koushik Gaddam\OneDrive\Desktop\KOUSHIK\backend\HealthInsurance.API\HealthInsurance.API.csproj]
C:\Program Files\dotnet\sdk\9.0.310\Microsoft.Common.CurrentVersion.targets(5093,5): warning MSB3026: Could not copy "C:\Users\Koushik Gaddam\OneDrive\Desktop\KOUSHIK\backend\HealthInsurance.Application\bin\Debug\net8.0\HealthInsurance.Application.dll" to "bin\Debug\net8.0\HealthInsurance.Application.dll". Beginning retry 7 in 1000ms. The process cannot access the file 'C:\Users\Koushik Gaddam\OneDrive\Desktop\KOUSHIK\backend\HealthInsurance.API\bin\Debug\net8.0\HealthInsurance.Application.dll' because it is being used by another process. The file is locked by: "HealthInsurance.API (26692)" [C:\Users\Koushik Gaddam\OneDrive\Desktop\KOUSHIK\backend\HealthInsurance.API\HealthInsurance.API.csproj]
C:\Program Files\dotnet\sdk\9.0.310\Microsoft.Common.CurrentVersion.targets(5093,5): warning MSB3026: Could not copy "C:\Users\Koushik Gaddam\OneDrive\Desktop\KOUSHIK\backend\HealthInsurance.Infrastructure\bin\Debug\net8.0\HealthInsurance.Infrastructure.dll" to "bin\Debug\net8.0\HealthInsurance.Infrastructure.dll". Beginning retry 7 in 1000ms. The process cannot access the file 'C:\Users\Koushik Gaddam\OneDrive\Desktop\KOUSHIK\backend\HealthInsurance.API\bin\Debug\net8.0\HealthInsurance.Infrastructure.dll' because it is being used by another process. The file is locked by: "HealthInsurance.API (26692)" [C:\Users\Koushik Gaddam\OneDrive\Desktop\KOUSHIK\backend\HealthInsurance.API\HealthInsurance.API.csproj]
C:\Program Files\dotnet\sdk\9.0.310\Microsoft.Common.CurrentVersion.targets(5093,5): warning MSB3026: Could not copy "C:\Users\Koushik Gaddam\OneDrive\Desktop\KOUSHIK\backend\HealthInsurance.Domain\bin\Debug\net8.0\HealthInsurance.Domain.dll" to "bin\Debug\net8.0\HealthInsurance.Domain.dll". Beginning retry 7 in 1000ms. The process cannot access the file 'C:\Users\Koushik Gaddam\OneDrive\Desktop\KOUSHIK\backend\HealthInsurance.API\bin\Debug\net8.0\HealthInsurance.Domain.dll' because it is being used by another process. The file is locked by: "HealthInsurance.API (26692)" [C:\Users\Koushik Gaddam\OneDrive\Desktop\KOUSHIK\backend\HealthInsurance.API\HealthInsurance.API.csproj]
C:\Program Files\dotnet\sdk\9.0.310\Microsoft.Common.CurrentVersion.targets(5093,5): warning MSB3026: Could not copy "C:\Users\Koushik Gaddam\OneDrive\Desktop\KOUSHIK\backend\HealthInsurance.Infrastructure\bin\Debug\net8.0\HealthInsurance.Infrastructure.dll" to "bin\Debug\net8.0\HealthInsurance.Infrastructure.dll". Beginning retry 8 in 1000ms. The process cannot access the file 'C:\Users\Koushik Gaddam\OneDrive\Desktop\KOUSHIK\backend\HealthInsurance.API\bin\Debug\net8.0\HealthInsurance.Infrastructure.dll' because it is being used by another process. The file is locked by: "HealthInsurance.API (26692)" [C:\Users\Koushik Gaddam\OneDrive\Desktop\KOUSHIK\backend\HealthInsurance.API\HealthInsurance.API.csproj]
C:\Program Files\dotnet\sdk\9.0.310\Microsoft.Common.CurrentVersion.targets(5093,5): warning MSB3026: Could not copy "C:\Users\Koushik Gaddam\OneDrive\Desktop\KOUSHIK\backend\HealthInsurance.Domain\bin\Debug\net8.0\HealthInsurance.Domain.dll" to "bin\Debug\net8.0\HealthInsurance.Domain.dll". Beginning retry 8 in 1000ms. The process cannot access the file 'C:\Users\Koushik Gaddam\OneDrive\Desktop\KOUSHIK\backend\HealthInsurance.API\bin\Debug\net8.0\HealthInsurance.Domain.dll' because it is being used by another process. The file is locked by: "HealthInsurance.API (26692)" [C:\Users\Koushik Gaddam\OneDrive\Desktop\KOUSHIK\backend\HealthInsurance.API\HealthInsurance.API.csproj]
C:\Program Files\dotnet\sdk\9.0.310\Microsoft.Common.CurrentVersion.targets(5093,5): warning MSB3026: Could not copy "C:\Users\Koushik Gaddam\OneDrive\Desktop\KOUSHIK\backend\HealthInsurance.Application\bin\Debug\net8.0\HealthInsurance.Application.dll" to "bin\Debug\net8.0\HealthInsurance.Application.dll". Beginning retry 8 in 1000ms. The process cannot access the file 'C:\Users\Koushik Gaddam\OneDrive\Desktop\KOUSHIK\backend\HealthInsurance.API\bin\Debug\net8.0\HealthInsurance.Application.dll' because it is being used by another process. The file is locked by: "HealthInsurance.API (26692)" [C:\Users\Koushik Gaddam\OneDrive\Desktop\KOUSHIK\backend\HealthInsurance.API\HealthInsurance.API.csproj]
C:\Program Files\dotnet\sdk\9.0.310\Microsoft.Common.CurrentVersion.targets(5093,5): warning MSB3026: Could not copy "C:\Users\Koushik Gaddam\OneDrive\Desktop\KOUSHIK\backend\HealthInsurance.Application\bin\Debug\net8.0\HealthInsurance.Application.dll" to "bin\Debug\net8.0\HealthInsurance.Application.dll". Beginning retry 9 in 1000ms. The process cannot access the file 'C:\Users\Koushik Gaddam\OneDrive\Desktop\KOUSHIK\backend\HealthInsurance.API\bin\Debug\net8.0\HealthInsurance.Application.dll' because it is being used by another process. The file is locked by: "HealthInsurance.API (26692)" [C:\Users\Koushik Gaddam\OneDrive\Desktop\KOUSHIK\backend\HealthInsurance.API\HealthInsurance.API.csproj]
C:\Program Files\dotnet\sdk\9.0.310\Microsoft.Common.CurrentVersion.targets(5093,5): warning MSB3026: Could not copy "C:\Users\Koushik Gaddam\OneDrive\Desktop\KOUSHIK\backend\HealthInsurance.Infrastructure\bin\Debug\net8.0\HealthInsurance.Infrastructure.dll" to "bin\Debug\net8.0\HealthInsurance.Infrastructure.dll". Beginning retry 9 in 1000ms. The process cannot access the file 'C:\Users\Koushik Gaddam\OneDrive\Desktop\KOUSHIK\backend\HealthInsurance.API\bin\Debug\net8.0\HealthInsurance.Infrastructure.dll' because it is being used by another process. The file is locked by: "HealthInsurance.API (26692)" [C:\Users\Koushik Gaddam\OneDrive\Desktop\KOUSHIK\backend\HealthInsurance.API\HealthInsurance.API.csproj]
C:\Program Files\dotnet\sdk\9.0.310\Microsoft.Common.CurrentVersion.targets(5093,5): warning MSB3026: Could not copy "C:\Users\Koushik Gaddam\OneDrive\Desktop\KOUSHIK\backend\HealthInsurance.Domain\bin\Debug\net8.0\HealthInsurance.Domain.dll" to "bin\Debug\net8.0\HealthInsurance.Domain.dll". Beginning retry 9 in 1000ms. The process cannot access the file 'C:\Users\Koushik Gaddam\OneDrive\Desktop\KOUSHIK\backend\HealthInsurance.API\bin\Debug\net8.0\HealthInsurance.Domain.dll' because it is being used by another process. The file is locked by: "HealthInsurance.API (26692)" [C:\Users\Koushik Gaddam\OneDrive\Desktop\KOUSHIK\backend\HealthInsurance.API\HealthInsurance.API.csproj]
C:\Program Files\dotnet\sdk\9.0.310\Microsoft.Common.CurrentVersion.targets(5093,5): warning MSB3026: Could not copy "C:\Users\Koushik Gaddam\OneDrive\Desktop\KOUSHIK\backend\HealthInsurance.Domain\bin\Debug\net8.0\HealthInsurance.Domain.dll" to "bin\Debug\net8.0\HealthInsurance.Domain.dll". Beginning retry 10 in 1000ms. The process cannot access the file 'C:\Users\Koushik Gaddam\OneDrive\Desktop\KOUSHIK\backend\HealthInsurance.API\bin\Debug\net8.0\HealthInsurance.Domain.dll' because it is being used by another process. The file is locked by: "HealthInsurance.API (26692)" [C:\Users\Koushik Gaddam\OneDrive\Desktop\KOUSHIK\backend\HealthInsurance.API\HealthInsurance.API.csproj]
C:\Program Files\dotnet\sdk\9.0.310\Microsoft.Common.CurrentVersion.targets(5093,5): warning MSB3026: Could not copy "C:\Users\Koushik Gaddam\OneDrive\Desktop\KOUSHIK\backend\HealthInsurance.Infrastructure\bin\Debug\net8.0\HealthInsurance.Infrastructure.dll" to "bin\Debug\net8.0\HealthInsurance.Infrastructure.dll". Beginning retry 10 in 1000ms. The process cannot access the file 'C:\Users\Koushik Gaddam\OneDrive\Desktop\KOUSHIK\backend\HealthInsurance.API\bin\Debug\net8.0\HealthInsurance.Infrastructure.dll' because it is being used by another process. The file is locked by: "HealthInsurance.API (26692)" [C:\Users\Koushik Gaddam\OneDrive\Desktop\KOUSHIK\backend\HealthInsurance.API\HealthInsurance.API.csproj]
C:\Program Files\dotnet\sdk\9.0.310\Microsoft.Common.CurrentVersion.targets(5093,5): warning MSB3026: Could not copy "C:\Users\Koushik Gaddam\OneDrive\Desktop\KOUSHIK\backend\HealthInsurance.Application\bin\Debug\net8.0\HealthInsurance.Application.dll" to "bin\Debug\net8.0\HealthInsurance.Application.dll". Beginning retry 10 in 1000ms. The process cannot access the file 'C:\Users\Koushik Gaddam\OneDrive\Desktop\KOUSHIK\backend\HealthInsurance.API\bin\Debug\net8.0\HealthInsurance.Application.dll' because it is being used by another process. The file is locked by: "HealthInsurance.API (26692)" [C:\Users\Koushik Gaddam\OneDrive\Desktop\KOUSHIK\backend\HealthInsurance.API\HealthInsurance.API.csproj]
C:\Program Files\dotnet\sdk\9.0.310\Microsoft.Common.CurrentVersion.targets(5093,5): error MSB3027: Could not copy "C:\Users\Koushik Gaddam\OneDrive\Desktop\KOUSHIK\backend\HealthInsurance.Domain\bin\Debug\net8.0\HealthInsurance.Domain.dll" to "bin\Debug\net8.0\HealthInsurance.Domain.dll". Exceeded retry count of 10. Failed. The file is locked by: "HealthInsurance.API (26692)" [C:\Users\Koushik Gaddam\OneDrive\Desktop\KOUSHIK\backend\HealthInsurance.API\HealthInsurance.API.csproj]
C:\Program Files\dotnet\sdk\9.0.310\Microsoft.Common.CurrentVersion.targets(5093,5): error MSB3027: Could not copy "C:\Users\Koushik Gaddam\OneDrive\Desktop\KOUSHIK\backend\HealthInsurance.Application\bin\Debug\net8.0\HealthInsurance.Application.dll" to "bin\Debug\net8.0\HealthInsurance.Application.dll". Exceeded retry count of 10. Failed. The file is locked by: "HealthInsurance.API (26692)" [C:\Users\Koushik Gaddam\OneDrive\Desktop\KOUSHIK\backend\HealthInsurance.API\HealthInsurance.API.csproj]
C:\Program Files\dotnet\sdk\9.0.310\Microsoft.Common.CurrentVersion.targets(5093,5): error MSB3027: Could not copy "C:\Users\Koushik Gaddam\OneDrive\Desktop\KOUSHIK\backend\HealthInsurance.Infrastructure\bin\Debug\net8.0\HealthInsurance.Infrastructure.dll" to "bin\Debug\net8.0\HealthInsurance.Infrastructure.dll". Exceeded retry count of 10. Failed. The file is locked by: "HealthInsurance.API (26692)" [C:\Users\Koushik Gaddam\OneDrive\Desktop\KOUSHIK\backend\HealthInsurance.API\HealthInsurance.API.csproj]
C:\Program Files\dotnet\sdk\9.0.310\Microsoft.Common.CurrentVersion.targets(5093,5): error MSB3021: Unable to copy file "C:\Users\Koushik Gaddam\OneDrive\Desktop\KOUSHIK\backend\HealthInsurance.Domain\bin\Debug\net8.0\HealthInsurance.Domain.dll" to "bin\Debug\net8.0\HealthInsurance.Domain.dll". The process cannot access the file 'C:\Users\Koushik Gaddam\OneDrive\Desktop\KOUSHIK\backend\HealthInsurance.API\bin\Debug\net8.0\HealthInsurance.Domain.dll' because it is being used by another process. [C:\Users\Koushik Gaddam\OneDrive\Desktop\KOUSHIK\backend\HealthInsurance.API\HealthInsurance.API.csproj]
C:\Program Files\dotnet\sdk\9.0.310\Microsoft.Common.CurrentVersion.targets(5093,5): error MSB3021: Unable to copy file "C:\Users\Koushik Gaddam\OneDrive\Desktop\KOUSHIK\backend\HealthInsurance.Application\bin\Debug\net8.0\HealthInsurance.Application.dll" to "bin\Debug\net8.0\HealthInsurance.Application.dll". The process cannot access the file 'C:\Users\Koushik Gaddam\OneDrive\Desktop\KOUSHIK\backend\HealthInsurance.API\bin\Debug\net8.0\HealthInsurance.Application.dll' because it is being used by another process. [C:\Users\Koushik Gaddam\OneDrive\Desktop\KOUSHIK\backend\HealthInsurance.API\HealthInsurance.API.csproj]
C:\Program Files\dotnet\sdk\9.0.310\Microsoft.Common.CurrentVersion.targets(5093,5): error MSB3021: Unable to copy file "C:\Users\Koushik Gaddam\OneDrive\Desktop\KOUSHIK\backend\HealthInsurance.Infrastructure\bin\Debug\net8.0\HealthInsurance.Infrastructure.dll" to "bin\Debug\net8.0\HealthInsurance.Infrastructure.dll". The process cannot access the file 'C:\Users\Koushik Gaddam\OneDrive\Desktop\KOUSHIK\backend\HealthInsurance.API\bin\Debug\net8.0\HealthInsurance.Infrastructure.dll' because it is being used by another process. [C:\Users\Koushik Gaddam\OneDrive\Desktop\KOUSHIK\backend\HealthInsurance.API\HealthInsurance.API.csproj]

Build FAILED.

C:\Users\Koushik Gaddam\OneDrive\Desktop\KOUSHIK\backend\HealthInsurance.Infrastructure\HealthInsurance.Infrastructure.csproj : warning NU1701: Package 'LightInject.Web 2.0.0' was restored using '.NETFramework,Version=v4.6.1, .NETFramework,Version=v4.6.2, .NETFramework,Version=v4.7, .NETFramework,Version=v4.7.1, .NETFramework,Version=v4.7.2, .NETFramework,Version=v4.8, .NETFramework,Version=v4.8.1' instead of the project target framework 'net8.0'. This package may not be fully compatible with your project. [C:\Users\Koushik Gaddam\OneDrive\Desktop\KOUSHIK\backend\backend.sln]
C:\Users\Koushik Gaddam\OneDrive\Desktop\KOUSHIK\backend\HealthInsurance.API\HealthInsurance.API.csproj : warning NU1701: Package 'LightInject.Web 2.0.0' was restored using '.NETFramework,Version=v4.6.1, .NETFramework,Version=v4.6.2, .NETFramework,Version=v4.7, .NETFramework,Version=v4.7.1, .NETFramework,Version=v4.7.2, .NETFramework,Version=v4.8, .NETFramework,Version=v4.8.1' instead of the project target framework 'net8.0'. This package may not be fully compatible with your project. [C:\Users\Koushik Gaddam\OneDrive\Desktop\KOUSHIK\backend\backend.sln]
C:\Users\Koushik Gaddam\OneDrive\Desktop\KOUSHIK\backend\HealthInsurance.Infrastructure\HealthInsurance.Infrastructure.csproj : warning NU1701: Package 'Microsoft.AspNet.Identity.Core 2.2.2' was restored using '.NETFramework,Version=v4.6.1, .NETFramework,Version=v4.6.2, .NETFramework,Version=v4.7, .NETFramework,Version=v4.7.1, .NETFramework,Version=v4.7.2, .NETFramework,Version=v4.8, .NETFramework,Version=v4.8.1' instead of the project target framework 'net8.0'. This package may not be fully compatible with your project. [C:\Users\Koushik Gaddam\OneDrive\Desktop\KOUSHIK\backend\backend.sln]
C:\Users\Koushik Gaddam\OneDrive\Desktop\KOUSHIK\backend\HealthInsurance.API\HealthInsurance.API.csproj : warning NU1701: Package 'Microsoft.AspNet.Identity.Core 2.2.2' was restored using '.NETFramework,Version=v4.6.1, .NETFramework,Version=v4.6.2, .NETFramework,Version=v4.7, .NETFramework,Version=v4.7.1, .NETFramework,Version=v4.7.2, .NETFramework,Version=v4.8, .NETFramework,Version=v4.8.1' instead of the project target framework 'net8.0'. This package may not be fully compatible with your project. [C:\Users\Koushik Gaddam\OneDrive\Desktop\KOUSHIK\backend\backend.sln]
C:\Users\Koushik Gaddam\OneDrive\Desktop\KOUSHIK\backend\HealthInsurance.Infrastructure\HealthInsurance.Infrastructure.csproj : warning NU1701: Package 'Microsoft.Owin 4.0.1' was restored using '.NETFramework,Version=v4.6.1, .NETFramework,Version=v4.6.2, .NETFramework,Version=v4.7, .NETFramework,Version=v4.7.1, .NETFramework,Version=v4.7.2, .NETFramework,Version=v4.8, .NETFramework,Version=v4.8.1' instead of the project target framework 'net8.0'. This package may not be fully compatible with your project. [C:\Users\Koushik Gaddam\OneDrive\Desktop\KOUSHIK\backend\backend.sln]
C:\Users\Koushik Gaddam\OneDrive\Desktop\KOUSHIK\backend\HealthInsurance.Infrastructure\HealthInsurance.Infrastructure.csproj : warning NU1701: Package 'MiniProfiler 4.0.138' was restored using '.NETFramework,Version=v4.6.1, .NETFramework,Version=v4.6.2, .NETFramework,Version=v4.7, .NETFramework,Version=v4.7.1, .NETFramework,Version=v4.7.2, .NETFramework,Version=v4.8, .NETFramework,Version=v4.8.1' instead of the project target framework 'net8.0'. This package may not be fully compatible with your project. [C:\Users\Koushik Gaddam\OneDrive\Desktop\KOUSHIK\backend\backend.sln]
C:\Users\Koushik Gaddam\OneDrive\Desktop\KOUSHIK\backend\HealthInsurance.Infrastructure\HealthInsurance.Infrastructure.csproj : warning NU1701: Package 'Owin 1.0.0' was restored using '.NETFramework,Version=v4.6.1, .NETFramework,Version=v4.6.2, .NETFramework,Version=v4.7, .NETFramework,Version=v4.7.1, .NETFramework,Version=v4.7.2, .NETFramework,Version=v4.8, .NETFramework,Version=v4.8.1' instead of the project target framework 'net8.0'. This package may not be fully compatible with your project. [C:\Users\Koushik Gaddam\OneDrive\Desktop\KOUSHIK\backend\backend.sln]
C:\Users\Koushik Gaddam\OneDrive\Desktop\KOUSHIK\backend\HealthInsurance.Infrastructure\HealthInsurance.Infrastructure.csproj : warning NU1701: Package 'UmbracoCms.Core 8.18.15' was restored using '.NETFramework,Version=v4.6.1, .NETFramework,Version=v4.6.2, .NETFramework,Version=v4.7, .NETFramework,Version=v4.7.1, .NETFramework,Version=v4.7.2, .NETFramework,Version=v4.8, .NETFramework,Version=v4.8.1' instead of the project target framework 'net8.0'. This package may not be fully compatible with your project. [C:\Users\Koushik Gaddam\OneDrive\Desktop\KOUSHIK\backend\backend.sln]
C:\Users\Koushik Gaddam\OneDrive\Desktop\KOUSHIK\backend\HealthInsurance.API\HealthInsurance.API.csproj : warning NU1701: Package 'Microsoft.Owin 4.0.1' was restored using '.NETFramework,Version=v4.6.1, .NETFramework,Version=v4.6.2, .NETFramework,Version=v4.7, .NETFramework,Version=v4.7.1, .NETFramework,Version=v4.7.2, .NETFramework,Version=v4.8, .NETFramework,Version=v4.8.1' instead of the project target framework 'net8.0'. This package may not be fully compatible with your project. [C:\Users\Koushik Gaddam\OneDrive\Desktop\KOUSHIK\backend\backend.sln]
C:\Users\Koushik Gaddam\OneDrive\Desktop\KOUSHIK\backend\HealthInsurance.API\HealthInsurance.API.csproj : warning NU1701: Package 'MiniProfiler 4.0.138' was restored using '.NETFramework,Version=v4.6.1, .NETFramework,Version=v4.6.2, .NETFramework,Version=v4.7, .NETFramework,Version=v4.7.1, .NETFramework,Version=v4.7.2, .NETFramework,Version=v4.8, .NETFramework,Version=v4.8.1' instead of the project target framework 'net8.0'. This package may not be fully compatible with your project. [C:\Users\Koushik Gaddam\OneDrive\Desktop\KOUSHIK\backend\backend.sln]
C:\Users\Koushik Gaddam\OneDrive\Desktop\KOUSHIK\backend\HealthInsurance.API\HealthInsurance.API.csproj : warning NU1701: Package 'Owin 1.0.0' was restored using '.NETFramework,Version=v4.6.1, .NETFramework,Version=v4.6.2, .NETFramework,Version=v4.7, .NETFramework,Version=v4.7.1, .NETFramework,Version=v4.7.2, .NETFramework,Version=v4.8, .NETFramework,Version=v4.8.1' instead of the project target framework 'net8.0'. This package may not be fully compatible with your project. [C:\Users\Koushik Gaddam\OneDrive\Desktop\KOUSHIK\backend\backend.sln]
C:\Users\Koushik Gaddam\OneDrive\Desktop\KOUSHIK\backend\HealthInsurance.API\HealthInsurance.API.csproj : warning NU1701: Package 'UmbracoCms.Core 8.18.15' was restored using '.NETFramework,Version=v4.6.1, .NETFramework,Version=v4.6.2, .NETFramework,Version=v4.7, .NETFramework,Version=v4.7.1, .NETFramework,Version=v4.7.2, .NETFramework,Version=v4.8, .NETFramework,Version=v4.8.1' instead of the project target framework 'net8.0'. This package may not be fully compatible with your project. [C:\Users\Koushik Gaddam\OneDrive\Desktop\KOUSHIK\backend\backend.sln]
C:\Users\Koushik Gaddam\OneDrive\Desktop\KOUSHIK\backend\HealthInsurance.Infrastructure\HealthInsurance.Infrastructure.csproj : warning NU1701: Package 'LightInject.Web 2.0.0' was restored using '.NETFramework,Version=v4.6.1, .NETFramework,Version=v4.6.2, .NETFramework,Version=v4.7, .NETFramework,Version=v4.7.1, .NETFramework,Version=v4.7.2, .NETFramework,Version=v4.8, .NETFramework,Version=v4.8.1' instead of the project target framework 'net8.0'. This package may not be fully compatible with your project.
C:\Users\Koushik Gaddam\OneDrive\Desktop\KOUSHIK\backend\HealthInsurance.Infrastructure\HealthInsurance.Infrastructure.csproj : warning NU1701: Package 'Microsoft.AspNet.Identity.Core 2.2.2' was restored using '.NETFramework,Version=v4.6.1, .NETFramework,Version=v4.6.2, .NETFramework,Version=v4.7, .NETFramework,Version=v4.7.1, .NETFramework,Version=v4.7.2, .NETFramework,Version=v4.8, .NETFramework,Version=v4.8.1' instead of the project target framework 'net8.0'. This package may not be fully compatible with your project.
C:\Users\Koushik Gaddam\OneDrive\Desktop\KOUSHIK\backend\HealthInsurance.Infrastructure\HealthInsurance.Infrastructure.csproj : warning NU1701: Package 'Microsoft.Owin 4.0.1' was restored using '.NETFramework,Version=v4.6.1, .NETFramework,Version=v4.6.2, .NETFramework,Version=v4.7, .NETFramework,Version=v4.7.1, .NETFramework,Version=v4.7.2, .NETFramework,Version=v4.8, .NETFramework,Version=v4.8.1' instead of the project target framework 'net8.0'. This package may not be fully compatible with your project.
C:\Users\Koushik Gaddam\OneDrive\Desktop\KOUSHIK\backend\HealthInsurance.Infrastructure\HealthInsurance.Infrastructure.csproj : warning NU1701: Package 'MiniProfiler 4.0.138' was restored using '.NETFramework,Version=v4.6.1, .NETFramework,Version=v4.6.2, .NETFramework,Version=v4.7, .NETFramework,Version=v4.7.1, .NETFramework,Version=v4.7.2, .NETFramework,Version=v4.8, .NETFramework,Version=v4.8.1' instead of the project target framework 'net8.0'. This package may not be fully compatible with your project.
C:\Users\Koushik Gaddam\OneDrive\Desktop\KOUSHIK\backend\HealthInsurance.Infrastructure\HealthInsurance.Infrastructure.csproj : warning NU1701: Package 'Owin 1.0.0' was restored using '.NETFramework,Version=v4.6.1, .NETFramework,Version=v4.6.2, .NETFramework,Version=v4.7, .NETFramework,Version=v4.7.1, .NETFramework,Version=v4.7.2, .NETFramework,Version=v4.8, .NETFramework,Version=v4.8.1' instead of the project target framework 'net8.0'. This package may not be fully compatible with your project.
C:\Users\Koushik Gaddam\OneDrive\Desktop\KOUSHIK\backend\HealthInsurance.Infrastructure\HealthInsurance.Infrastructure.csproj : warning NU1701: Package 'UmbracoCms.Core 8.18.15' was restored using '.NETFramework,Version=v4.6.1, .NETFramework,Version=v4.6.2, .NETFramework,Version=v4.7, .NETFramework,Version=v4.7.1, .NETFramework,Version=v4.7.2, .NETFramework,Version=v4.8, .NETFramework,Version=v4.8.1' instead of the project target framework 'net8.0'. This package may not be fully compatible with your project.
C:\Users\Koushik Gaddam\OneDrive\Desktop\KOUSHIK\backend\HealthInsurance.API\HealthInsurance.API.csproj : warning NU1701: Package 'LightInject.Web 2.0.0' was restored using '.NETFramework,Version=v4.6.1, .NETFramework,Version=v4.6.2, .NETFramework,Version=v4.7, .NETFramework,Version=v4.7.1, .NETFramework,Version=v4.7.2, .NETFramework,Version=v4.8, .NETFramework,Version=v4.8.1' instead of the project target framework 'net8.0'. This package may not be fully compatible with your project.
C:\Users\Koushik Gaddam\OneDrive\Desktop\KOUSHIK\backend\HealthInsurance.API\HealthInsurance.API.csproj : warning NU1701: Package 'Microsoft.AspNet.Identity.Core 2.2.2' was restored using '.NETFramework,Version=v4.6.1, .NETFramework,Version=v4.6.2, .NETFramework,Version=v4.7, .NETFramework,Version=v4.7.1, .NETFramework,Version=v4.7.2, .NETFramework,Version=v4.8, .NETFramework,Version=v4.8.1' instead of the project target framework 'net8.0'. This package may not be fully compatible with your project.
C:\Users\Koushik Gaddam\OneDrive\Desktop\KOUSHIK\backend\HealthInsurance.API\HealthInsurance.API.csproj : warning NU1701: Package 'Microsoft.Owin 4.0.1' was restored using '.NETFramework,Version=v4.6.1, .NETFramework,Version=v4.6.2, .NETFramework,Version=v4.7, .NETFramework,Version=v4.7.1, .NETFramework,Version=v4.7.2, .NETFramework,Version=v4.8, .NETFramework,Version=v4.8.1' instead of the project target framework 'net8.0'. This package may not be fully compatible with your project.
C:\Users\Koushik Gaddam\OneDrive\Desktop\KOUSHIK\backend\HealthInsurance.API\HealthInsurance.API.csproj : warning NU1701: Package 'MiniProfiler 4.0.138' was restored using '.NETFramework,Version=v4.6.1, .NETFramework,Version=v4.6.2, .NETFramework,Version=v4.7, .NETFramework,Version=v4.7.1, .NETFramework,Version=v4.7.2, .NETFramework,Version=v4.8, .NETFramework,Version=v4.8.1' instead of the project target framework 'net8.0'. This package may not be fully compatible with your project.
C:\Users\Koushik Gaddam\OneDrive\Desktop\KOUSHIK\backend\HealthInsurance.API\HealthInsurance.API.csproj : warning NU1701: Package 'Owin 1.0.0' was restored using '.NETFramework,Version=v4.6.1, .NETFramework,Version=v4.6.2, .NETFramework,Version=v4.7, .NETFramework,Version=v4.7.1, .NETFramework,Version=v4.7.2, .NETFramework,Version=v4.8, .NETFramework,Version=v4.8.1' instead of the project target framework 'net8.0'. This package may not be fully compatible with your project.
C:\Users\Koushik Gaddam\OneDrive\Desktop\KOUSHIK\backend\HealthInsurance.API\HealthInsurance.API.csproj : warning NU1701: Package 'UmbracoCms.Core 8.18.15' was restored using '.NETFramework,Version=v4.6.1, .NETFramework,Version=v4.6.2, .NETFramework,Version=v4.7, .NETFramework,Version=v4.7.1, .NETFramework,Version=v4.7.2, .NETFramework,Version=v4.8, .NETFramework,Version=v4.8.1' instead of the project target framework 'net8.0'. This package may not be fully compatible with your project.
C:\Program Files\dotnet\sdk\9.0.310\Microsoft.Common.CurrentVersion.targets(5093,5): warning MSB3026: Could not copy "C:\Users\Koushik Gaddam\OneDrive\Desktop\KOUSHIK\backend\HealthInsurance.Domain\bin\Debug\net8.0\HealthInsurance.Domain.dll" to "bin\Debug\net8.0\HealthInsurance.Domain.dll". Beginning retry 1 in 1000ms. The process cannot access the file 'C:\Users\Koushik Gaddam\OneDrive\Desktop\KOUSHIK\backend\HealthInsurance.API\bin\Debug\net8.0\HealthInsurance.Domain.dll' because it is being used by another process. The file is locked by: "HealthInsurance.API (26692)" [C:\Users\Koushik Gaddam\OneDrive\Desktop\KOUSHIK\backend\HealthInsurance.API\HealthInsurance.API.csproj]
C:\Program Files\dotnet\sdk\9.0.310\Microsoft.Common.CurrentVersion.targets(5093,5): warning MSB3026: Could not copy "C:\Users\Koushik Gaddam\OneDrive\Desktop\KOUSHIK\backend\HealthInsurance.Infrastructure\bin\Debug\net8.0\HealthInsurance.Infrastructure.dll" to "bin\Debug\net8.0\HealthInsurance.Infrastructure.dll". Beginning retry 1 in 1000ms. The process cannot access the file 'C:\Users\Koushik Gaddam\OneDrive\Desktop\KOUSHIK\backend\HealthInsurance.API\bin\Debug\net8.0\HealthInsurance.Infrastructure.dll' because it is being used by another process. The file is locked by: "HealthInsurance.API (26692)" [C:\Users\Koushik Gaddam\OneDrive\Desktop\KOUSHIK\backend\HealthInsurance.API\HealthInsurance.API.csproj]
C:\Program Files\dotnet\sdk\9.0.310\Microsoft.Common.CurrentVersion.targets(5093,5): warning MSB3026: Could not copy "C:\Users\Koushik Gaddam\OneDrive\Desktop\KOUSHIK\backend\HealthInsurance.Application\bin\Debug\net8.0\HealthInsurance.Application.dll" to "bin\Debug\net8.0\HealthInsurance.Application.dll". Beginning retry 1 in 1000ms. The process cannot access the file 'C:\Users\Koushik Gaddam\OneDrive\Desktop\KOUSHIK\backend\HealthInsurance.API\bin\Debug\net8.0\HealthInsurance.Application.dll' because it is being used by another process. The file is locked by: "HealthInsurance.API (26692)" [C:\Users\Koushik Gaddam\OneDrive\Desktop\KOUSHIK\backend\HealthInsurance.API\HealthInsurance.API.csproj]
C:\Program Files\dotnet\sdk\9.0.310\Microsoft.Common.CurrentVersion.targets(5093,5): warning MSB3026: Could not copy "C:\Users\Koushik Gaddam\OneDrive\Desktop\KOUSHIK\backend\HealthInsurance.Application\bin\Debug\net8.0\HealthInsurance.Application.dll" to "bin\Debug\net8.0\HealthInsurance.Application.dll". Beginning retry 2 in 1000ms. The process cannot access the file 'C:\Users\Koushik Gaddam\OneDrive\Desktop\KOUSHIK\backend\HealthInsurance.API\bin\Debug\net8.0\HealthInsurance.Application.dll' because it is being used by another process. The file is locked by: "HealthInsurance.API (26692)" [C:\Users\Koushik Gaddam\OneDrive\Desktop\KOUSHIK\backend\HealthInsurance.API\HealthInsurance.API.csproj]
C:\Program Files\dotnet\sdk\9.0.310\Microsoft.Common.CurrentVersion.targets(5093,5): warning MSB3026: Could not copy "C:\Users\Koushik Gaddam\OneDrive\Desktop\KOUSHIK\backend\HealthInsurance.Domain\bin\Debug\net8.0\HealthInsurance.Domain.dll" to "bin\Debug\net8.0\HealthInsurance.Domain.dll". Beginning retry 2 in 1000ms. The process cannot access the file 'C:\Users\Koushik Gaddam\OneDrive\Desktop\KOUSHIK\backend\HealthInsurance.API\bin\Debug\net8.0\HealthInsurance.Domain.dll' because it is being used by another process. The file is locked by: "HealthInsurance.API (26692)" [C:\Users\Koushik Gaddam\OneDrive\Desktop\KOUSHIK\backend\HealthInsurance.API\HealthInsurance.API.csproj]
C:\Program Files\dotnet\sdk\9.0.310\Microsoft.Common.CurrentVersion.targets(5093,5): warning MSB3026: Could not copy "C:\Users\Koushik Gaddam\OneDrive\Desktop\KOUSHIK\backend\HealthInsurance.Infrastructure\bin\Debug\net8.0\HealthInsurance.Infrastructure.dll" to "bin\Debug\net8.0\HealthInsurance.Infrastructure.dll". Beginning retry 2 in 1000ms. The process cannot access the file 'C:\Users\Koushik Gaddam\OneDrive\Desktop\KOUSHIK\backend\HealthInsurance.API\bin\Debug\net8.0\HealthInsurance.Infrastructure.dll' because it is being used by another process. The file is locked by: "HealthInsurance.API (26692)" [C:\Users\Koushik Gaddam\OneDrive\Desktop\KOUSHIK\backend\HealthInsurance.API\HealthInsurance.API.csproj]
C:\Program Files\dotnet\sdk\9.0.310\Microsoft.Common.CurrentVersion.targets(5093,5): warning MSB3026: Could not copy "C:\Users\Koushik Gaddam\OneDrive\Desktop\KOUSHIK\backend\HealthInsurance.Domain\bin\Debug\net8.0\HealthInsurance.Domain.dll" to "bin\Debug\net8.0\HealthInsurance.Domain.dll". Beginning retry 3 in 1000ms. The process cannot access the file 'C:\Users\Koushik Gaddam\OneDrive\Desktop\KOUSHIK\backend\HealthInsurance.API\bin\Debug\net8.0\HealthInsurance.Domain.dll' because it is being used by another process. The file is locked by: "HealthInsurance.API (26692)" [C:\Users\Koushik Gaddam\OneDrive\Desktop\KOUSHIK\backend\HealthInsurance.API\HealthInsurance.API.csproj]
C:\Program Files\dotnet\sdk\9.0.310\Microsoft.Common.CurrentVersion.targets(5093,5): warning MSB3026: Could not copy "C:\Users\Koushik Gaddam\OneDrive\Desktop\KOUSHIK\backend\HealthInsurance.Application\bin\Debug\net8.0\HealthInsurance.Application.dll" to "bin\Debug\net8.0\HealthInsurance.Application.dll". Beginning retry 3 in 1000ms. The process cannot access the file 'C:\Users\Koushik Gaddam\OneDrive\Desktop\KOUSHIK\backend\HealthInsurance.API\bin\Debug\net8.0\HealthInsurance.Application.dll' because it is being used by another process. The file is locked by: "HealthInsurance.API (26692)" [C:\Users\Koushik Gaddam\OneDrive\Desktop\KOUSHIK\backend\HealthInsurance.API\HealthInsurance.API.csproj]
C:\Program Files\dotnet\sdk\9.0.310\Microsoft.Common.CurrentVersion.targets(5093,5): warning MSB3026: Could not copy "C:\Users\Koushik Gaddam\OneDrive\Desktop\KOUSHIK\backend\HealthInsurance.Infrastructure\bin\Debug\net8.0\HealthInsurance.Infrastructure.dll" to "bin\Debug\net8.0\HealthInsurance.Infrastructure.dll". Beginning retry 3 in 1000ms. The process cannot access the file 'C:\Users\Koushik Gaddam\OneDrive\Desktop\KOUSHIK\backend\HealthInsurance.API\bin\Debug\net8.0\HealthInsurance.Infrastructure.dll' because it is being used by another process. The file is locked by: "HealthInsurance.API (26692)" [C:\Users\Koushik Gaddam\OneDrive\Desktop\KOUSHIK\backend\HealthInsurance.API\HealthInsurance.API.csproj]
C:\Program Files\dotnet\sdk\9.0.310\Microsoft.Common.CurrentVersion.targets(5093,5): warning MSB3026: Could not copy "C:\Users\Koushik Gaddam\OneDrive\Desktop\KOUSHIK\backend\HealthInsurance.Infrastructure\bin\Debug\net8.0\HealthInsurance.Infrastructure.dll" to "bin\Debug\net8.0\HealthInsurance.Infrastructure.dll". Beginning retry 4 in 1000ms. The process cannot access the file 'C:\Users\Koushik Gaddam\OneDrive\Desktop\KOUSHIK\backend\HealthInsurance.API\bin\Debug\net8.0\HealthInsurance.Infrastructure.dll' because it is being used by another process. The file is locked by: "HealthInsurance.API (26692)" [C:\Users\Koushik Gaddam\OneDrive\Desktop\KOUSHIK\backend\HealthInsurance.API\HealthInsurance.API.csproj]
C:\Program Files\dotnet\sdk\9.0.310\Microsoft.Common.CurrentVersion.targets(5093,5): warning MSB3026: Could not copy "C:\Users\Koushik Gaddam\OneDrive\Desktop\KOUSHIK\backend\HealthInsurance.Application\bin\Debug\net8.0\HealthInsurance.Application.dll" to "bin\Debug\net8.0\HealthInsurance.Application.dll". Beginning retry 4 in 1000ms. The process cannot access the file 'C:\Users\Koushik Gaddam\OneDrive\Desktop\KOUSHIK\backend\HealthInsurance.API\bin\Debug\net8.0\HealthInsurance.Application.dll' because it is being used by another process. The file is locked by: "HealthInsurance.API (26692)" [C:\Users\Koushik Gaddam\OneDrive\Desktop\KOUSHIK\backend\HealthInsurance.API\HealthInsurance.API.csproj]
C:\Program Files\dotnet\sdk\9.0.310\Microsoft.Common.CurrentVersion.targets(5093,5): warning MSB3026: Could not copy "C:\Users\Koushik Gaddam\OneDrive\Desktop\KOUSHIK\backend\HealthInsurance.Domain\bin\Debug\net8.0\HealthInsurance.Domain.dll" to "bin\Debug\net8.0\HealthInsurance.Domain.dll". Beginning retry 4 in 1000ms. The process cannot access the file 'C:\Users\Koushik Gaddam\OneDrive\Desktop\KOUSHIK\backend\HealthInsurance.API\bin\Debug\net8.0\HealthInsurance.Domain.dll' because it is being used by another process. The file is locked by: "HealthInsurance.API (26692)" [C:\Users\Koushik Gaddam\OneDrive\Desktop\KOUSHIK\backend\HealthInsurance.API\HealthInsurance.API.csproj]
C:\Program Files\dotnet\sdk\9.0.310\Microsoft.Common.CurrentVersion.targets(5093,5): warning MSB3026: Could not copy "C:\Users\Koushik Gaddam\OneDrive\Desktop\KOUSHIK\backend\HealthInsurance.Domain\bin\Debug\net8.0\HealthInsurance.Domain.dll" to "bin\Debug\net8.0\HealthInsurance.Domain.dll". Beginning retry 5 in 1000ms. The process cannot access the file 'C:\Users\Koushik Gaddam\OneDrive\Desktop\KOUSHIK\backend\HealthInsurance.API\bin\Debug\net8.0\HealthInsurance.Domain.dll' because it is being used by another process. The file is locked by: "HealthInsurance.API (26692)" [C:\Users\Koushik Gaddam\OneDrive\Desktop\KOUSHIK\backend\HealthInsurance.API\HealthInsurance.API.csproj]
C:\Program Files\dotnet\sdk\9.0.310\Microsoft.Common.CurrentVersion.targets(5093,5): warning MSB3026: Could not copy "C:\Users\Koushik Gaddam\OneDrive\Desktop\KOUSHIK\backend\HealthInsurance.Application\bin\Debug\net8.0\HealthInsurance.Application.dll" to "bin\Debug\net8.0\HealthInsurance.Application.dll". Beginning retry 5 in 1000ms. The process cannot access the file 'C:\Users\Koushik Gaddam\OneDrive\Desktop\KOUSHIK\backend\HealthInsurance.API\bin\Debug\net8.0\HealthInsurance.Application.dll' because it is being used by another process. The file is locked by: "HealthInsurance.API (26692)" [C:\Users\Koushik Gaddam\OneDrive\Desktop\KOUSHIK\backend\HealthInsurance.API\HealthInsurance.API.csproj]
C:\Program Files\dotnet\sdk\9.0.310\Microsoft.Common.CurrentVersion.targets(5093,5): warning MSB3026: Could not copy "C:\Users\Koushik Gaddam\OneDrive\Desktop\KOUSHIK\backend\HealthInsurance.Infrastructure\bin\Debug\net8.0\HealthInsurance.Infrastructure.dll" to "bin\Debug\net8.0\HealthInsurance.Infrastructure.dll". Beginning retry 5 in 1000ms. The process cannot access the file 'C:\Users\Koushik Gaddam\OneDrive\Desktop\KOUSHIK\backend\HealthInsurance.API\bin\Debug\net8.0\HealthInsurance.Infrastructure.dll' because it is being used by another process. The file is locked by: "HealthInsurance.API (26692)" [C:\Users\Koushik Gaddam\OneDrive\Desktop\KOUSHIK\backend\HealthInsurance.API\HealthInsurance.API.csproj]
C:\Program Files\dotnet\sdk\9.0.310\Microsoft.Common.CurrentVersion.targets(5093,5): warning MSB3026: Could not copy "C:\Users\Koushik Gaddam\OneDrive\Desktop\KOUSHIK\backend\HealthInsurance.Domain\bin\Debug\net8.0\HealthInsurance.Domain.dll" to "bin\Debug\net8.0\HealthInsurance.Domain.dll". Beginning retry 6 in 1000ms. The process cannot access the file 'C:\Users\Koushik Gaddam\OneDrive\Desktop\KOUSHIK\backend\HealthInsurance.API\bin\Debug\net8.0\HealthInsurance.Domain.dll' because it is being used by another process. The file is locked by: "HealthInsurance.API (26692)" [C:\Users\Koushik Gaddam\OneDrive\Desktop\KOUSHIK\backend\HealthInsurance.API\HealthInsurance.API.csproj]
C:\Program Files\dotnet\sdk\9.0.310\Microsoft.Common.CurrentVersion.targets(5093,5): warning MSB3026: Could not copy "C:\Users\Koushik Gaddam\OneDrive\Desktop\KOUSHIK\backend\HealthInsurance.Application\bin\Debug\net8.0\HealthInsurance.Application.dll" to "bin\Debug\net8.0\HealthInsurance.Application.dll". Beginning retry 6 in 1000ms. The process cannot access the file 'C:\Users\Koushik Gaddam\OneDrive\Desktop\KOUSHIK\backend\HealthInsurance.API\bin\Debug\net8.0\HealthInsurance.Application.dll' because it is being used by another process. The file is locked by: "HealthInsurance.API (26692)" [C:\Users\Koushik Gaddam\OneDrive\Desktop\KOUSHIK\backend\HealthInsurance.API\HealthInsurance.API.csproj]
C:\Program Files\dotnet\sdk\9.0.310\Microsoft.Common.CurrentVersion.targets(5093,5): warning MSB3026: Could not copy "C:\Users\Koushik Gaddam\OneDrive\Desktop\KOUSHIK\backend\HealthInsurance.Infrastructure\bin\Debug\net8.0\HealthInsurance.Infrastructure.dll" to "bin\Debug\net8.0\HealthInsurance.Infrastructure.dll". Beginning retry 6 in 1000ms. The process cannot access the file 'C:\Users\Koushik Gaddam\OneDrive\Desktop\KOUSHIK\backend\HealthInsurance.API\bin\Debug\net8.0\HealthInsurance.Infrastructure.dll' because it is being used by another process. The file is locked by: "HealthInsurance.API (26692)" [C:\Users\Koushik Gaddam\OneDrive\Desktop\KOUSHIK\backend\HealthInsurance.API\HealthInsurance.API.csproj]
C:\Program Files\dotnet\sdk\9.0.310\Microsoft.Common.CurrentVersion.targets(5093,5): warning MSB3026: Could not copy "C:\Users\Koushik Gaddam\OneDrive\Desktop\KOUSHIK\backend\HealthInsurance.Application\bin\Debug\net8.0\HealthInsurance.Application.dll" to "bin\Debug\net8.0\HealthInsurance.Application.dll". Beginning retry 7 in 1000ms. The process cannot access the file 'C:\Users\Koushik Gaddam\OneDrive\Desktop\KOUSHIK\backend\HealthInsurance.API\bin\Debug\net8.0\HealthInsurance.Application.dll' because it is being used by another process. The file is locked by: "HealthInsurance.API (26692)" [C:\Users\Koushik Gaddam\OneDrive\Desktop\KOUSHIK\backend\HealthInsurance.API\HealthInsurance.API.csproj]
C:\Program Files\dotnet\sdk\9.0.310\Microsoft.Common.CurrentVersion.targets(5093,5): warning MSB3026: Could not copy "C:\Users\Koushik Gaddam\OneDrive\Desktop\KOUSHIK\backend\HealthInsurance.Infrastructure\bin\Debug\net8.0\HealthInsurance.Infrastructure.dll" to "bin\Debug\net8.0\HealthInsurance.Infrastructure.dll". Beginning retry 7 in 1000ms. The process cannot access the file 'C:\Users\Koushik Gaddam\OneDrive\Desktop\KOUSHIK\backend\HealthInsurance.API\bin\Debug\net8.0\HealthInsurance.Infrastructure.dll' because it is being used by another process. The file is locked by: "HealthInsurance.API (26692)" [C:\Users\Koushik Gaddam\OneDrive\Desktop\KOUSHIK\backend\HealthInsurance.API\HealthInsurance.API.csproj]
C:\Program Files\dotnet\sdk\9.0.310\Microsoft.Common.CurrentVersion.targets(5093,5): warning MSB3026: Could not copy "C:\Users\Koushik Gaddam\OneDrive\Desktop\KOUSHIK\backend\HealthInsurance.Domain\bin\Debug\net8.0\HealthInsurance.Domain.dll" to "bin\Debug\net8.0\HealthInsurance.Domain.dll". Beginning retry 7 in 1000ms. The process cannot access the file 'C:\Users\Koushik Gaddam\OneDrive\Desktop\KOUSHIK\backend\HealthInsurance.API\bin\Debug\net8.0\HealthInsurance.Domain.dll' because it is being used by another process. The file is locked by: "HealthInsurance.API (26692)" [C:\Users\Koushik Gaddam\OneDrive\Desktop\KOUSHIK\backend\HealthInsurance.API\HealthInsurance.API.csproj]
C:\Program Files\dotnet\sdk\9.0.310\Microsoft.Common.CurrentVersion.targets(5093,5): warning MSB3026: Could not copy "C:\Users\Koushik Gaddam\OneDrive\Desktop\KOUSHIK\backend\HealthInsurance.Infrastructure\bin\Debug\net8.0\HealthInsurance.Infrastructure.dll" to "bin\Debug\net8.0\HealthInsurance.Infrastructure.dll". Beginning retry 8 in 1000ms. The process cannot access the file 'C:\Users\Koushik Gaddam\OneDrive\Desktop\KOUSHIK\backend\HealthInsurance.API\bin\Debug\net8.0\HealthInsurance.Infrastructure.dll' because it is being used by another process. The file is locked by: "HealthInsurance.API (26692)" [C:\Users\Koushik Gaddam\OneDrive\Desktop\KOUSHIK\backend\HealthInsurance.API\HealthInsurance.API.csproj]
C:\Program Files\dotnet\sdk\9.0.310\Microsoft.Common.CurrentVersion.targets(5093,5): warning MSB3026: Could not copy "C:\Users\Koushik Gaddam\OneDrive\Desktop\KOUSHIK\backend\HealthInsurance.Domain\bin\Debug\net8.0\HealthInsurance.Domain.dll" to "bin\Debug\net8.0\HealthInsurance.Domain.dll". Beginning retry 8 in 1000ms. The process cannot access the file 'C:\Users\Koushik Gaddam\OneDrive\Desktop\KOUSHIK\backend\HealthInsurance.API\bin\Debug\net8.0\HealthInsurance.Domain.dll' because it is being used by another process. The file is locked by: "HealthInsurance.API (26692)" [C:\Users\Koushik Gaddam\OneDrive\Desktop\KOUSHIK\backend\HealthInsurance.API\HealthInsurance.API.csproj]
C:\Program Files\dotnet\sdk\9.0.310\Microsoft.Common.CurrentVersion.targets(5093,5): warning MSB3026: Could not copy "C:\Users\Koushik Gaddam\OneDrive\Desktop\KOUSHIK\backend\HealthInsurance.Application\bin\Debug\net8.0\HealthInsurance.Application.dll" to "bin\Debug\net8.0\HealthInsurance.Application.dll". Beginning retry 8 in 1000ms. The process cannot access the file 'C:\Users\Koushik Gaddam\OneDrive\Desktop\KOUSHIK\backend\HealthInsurance.API\bin\Debug\net8.0\HealthInsurance.Application.dll' because it is being used by another process. The file is locked by: "HealthInsurance.API (26692)" [C:\Users\Koushik Gaddam\OneDrive\Desktop\KOUSHIK\backend\HealthInsurance.API\HealthInsurance.API.csproj]
C:\Program Files\dotnet\sdk\9.0.310\Microsoft.Common.CurrentVersion.targets(5093,5): warning MSB3026: Could not copy "C:\Users\Koushik Gaddam\OneDrive\Desktop\KOUSHIK\backend\HealthInsurance.Application\bin\Debug\net8.0\HealthInsurance.Application.dll" to "bin\Debug\net8.0\HealthInsurance.Application.dll". Beginning retry 9 in 1000ms. The process cannot access the file 'C:\Users\Koushik Gaddam\OneDrive\Desktop\KOUSHIK\backend\HealthInsurance.API\bin\Debug\net8.0\HealthInsurance.Application.dll' because it is being used by another process. The file is locked by: "HealthInsurance.API (26692)" [C:\Users\Koushik Gaddam\OneDrive\Desktop\KOUSHIK\backend\HealthInsurance.API\HealthInsurance.API.csproj]
C:\Program Files\dotnet\sdk\9.0.310\Microsoft.Common.CurrentVersion.targets(5093,5): warning MSB3026: Could not copy "C:\Users\Koushik Gaddam\OneDrive\Desktop\KOUSHIK\backend\HealthInsurance.Infrastructure\bin\Debug\net8.0\HealthInsurance.Infrastructure.dll" to "bin\Debug\net8.0\HealthInsurance.Infrastructure.dll". Beginning retry 9 in 1000ms. The process cannot access the file 'C:\Users\Koushik Gaddam\OneDrive\Desktop\KOUSHIK\backend\HealthInsurance.API\bin\Debug\net8.0\HealthInsurance.Infrastructure.dll' because it is being used by another process. The file is locked by: "HealthInsurance.API (26692)" [C:\Users\Koushik Gaddam\OneDrive\Desktop\KOUSHIK\backend\HealthInsurance.API\HealthInsurance.API.csproj]
C:\Program Files\dotnet\sdk\9.0.310\Microsoft.Common.CurrentVersion.targets(5093,5): warning MSB3026: Could not copy "C:\Users\Koushik Gaddam\OneDrive\Desktop\KOUSHIK\backend\HealthInsurance.Domain\bin\Debug\net8.0\HealthInsurance.Domain.dll" to "bin\Debug\net8.0\HealthInsurance.Domain.dll". Beginning retry 9 in 1000ms. The process cannot access the file 'C:\Users\Koushik Gaddam\OneDrive\Desktop\KOUSHIK\backend\HealthInsurance.API\bin\Debug\net8.0\HealthInsurance.Domain.dll' because it is being used by another process. The file is locked by: "HealthInsurance.API (26692)" [C:\Users\Koushik Gaddam\OneDrive\Desktop\KOUSHIK\backend\HealthInsurance.API\HealthInsurance.API.csproj]
C:\Program Files\dotnet\sdk\9.0.310\Microsoft.Common.CurrentVersion.targets(5093,5): warning MSB3026: Could not copy "C:\Users\Koushik Gaddam\OneDrive\Desktop\KOUSHIK\backend\HealthInsurance.Domain\bin\Debug\net8.0\HealthInsurance.Domain.dll" to "bin\Debug\net8.0\HealthInsurance.Domain.dll". Beginning retry 10 in 1000ms. The process cannot access the file 'C:\Users\Koushik Gaddam\OneDrive\Desktop\KOUSHIK\backend\HealthInsurance.API\bin\Debug\net8.0\HealthInsurance.Domain.dll' because it is being used by another process. The file is locked by: "HealthInsurance.API (26692)" [C:\Users\Koushik Gaddam\OneDrive\Desktop\KOUSHIK\backend\HealthInsurance.API\HealthInsurance.API.csproj]
C:\Program Files\dotnet\sdk\9.0.310\Microsoft.Common.CurrentVersion.targets(5093,5): warning MSB3026: Could not copy "C:\Users\Koushik Gaddam\OneDrive\Desktop\KOUSHIK\backend\HealthInsurance.Infrastructure\bin\Debug\net8.0\HealthInsurance.Infrastructure.dll" to "bin\Debug\net8.0\HealthInsurance.Infrastructure.dll". Beginning retry 10 in 1000ms. The process cannot access the file 'C:\Users\Koushik Gaddam\OneDrive\Desktop\KOUSHIK\backend\HealthInsurance.API\bin\Debug\net8.0\HealthInsurance.Infrastructure.dll' because it is being used by another process. The file is locked by: "HealthInsurance.API (26692)" [C:\Users\Koushik Gaddam\OneDrive\Desktop\KOUSHIK\backend\HealthInsurance.API\HealthInsurance.API.csproj]
C:\Program Files\dotnet\sdk\9.0.310\Microsoft.Common.CurrentVersion.targets(5093,5): warning MSB3026: Could not copy "C:\Users\Koushik Gaddam\OneDrive\Desktop\KOUSHIK\backend\HealthInsurance.Application\bin\Debug\net8.0\HealthInsurance.Application.dll" to "bin\Debug\net8.0\HealthInsurance.Application.dll". Beginning retry 10 in 1000ms. The process cannot access the file 'C:\Users\Koushik Gaddam\OneDrive\Desktop\KOUSHIK\backend\HealthInsurance.API\bin\Debug\net8.0\HealthInsurance.Application.dll' because it is being used by another process. The file is locked by: "HealthInsurance.API (26692)" [C:\Users\Koushik Gaddam\OneDrive\Desktop\KOUSHIK\backend\HealthInsurance.API\HealthInsurance.API.csproj]
C:\Program Files\dotnet\sdk\9.0.310\Microsoft.Common.CurrentVersion.targets(5093,5): error MSB3027: Could not copy "C:\Users\Koushik Gaddam\OneDrive\Desktop\KOUSHIK\backend\HealthInsurance.Domain\bin\Debug\net8.0\HealthInsurance.Domain.dll" to "bin\Debug\net8.0\HealthInsurance.Domain.dll". Exceeded retry count of 10. Failed. The file is locked by: "HealthInsurance.API (26692)" [C:\Users\Koushik Gaddam\OneDrive\Desktop\KOUSHIK\backend\HealthInsurance.API\HealthInsurance.API.csproj]
C:\Program Files\dotnet\sdk\9.0.310\Microsoft.Common.CurrentVersion.targets(5093,5): error MSB3027: Could not copy "C:\Users\Koushik Gaddam\OneDrive\Desktop\KOUSHIK\backend\HealthInsurance.Application\bin\Debug\net8.0\HealthInsurance.Application.dll" to "bin\Debug\net8.0\HealthInsurance.Application.dll". Exceeded retry count of 10. Failed. The file is locked by: "HealthInsurance.API (26692)" [C:\Users\Koushik Gaddam\OneDrive\Desktop\KOUSHIK\backend\HealthInsurance.API\HealthInsurance.API.csproj]
C:\Program Files\dotnet\sdk\9.0.310\Microsoft.Common.CurrentVersion.targets(5093,5): error MSB3027: Could not copy "C:\Users\Koushik Gaddam\OneDrive\Desktop\KOUSHIK\backend\HealthInsurance.Infrastructure\bin\Debug\net8.0\HealthInsurance.Infrastructure.dll" to "bin\Debug\net8.0\HealthInsurance.Infrastructure.dll". Exceeded retry count of 10. Failed. The file is locked by: "HealthInsurance.API (26692)" [C:\Users\Koushik Gaddam\OneDrive\Desktop\KOUSHIK\backend\HealthInsurance.API\HealthInsurance.API.csproj]
C:\Program Files\dotnet\sdk\9.0.310\Microsoft.Common.CurrentVersion.targets(5093,5): error MSB3021: Unable to copy file "C:\Users\Koushik Gaddam\OneDrive\Desktop\KOUSHIK\backend\HealthInsurance.Domain\bin\Debug\net8.0\HealthInsurance.Domain.dll" to "bin\Debug\net8.0\HealthInsurance.Domain.dll". The process cannot access the file 'C:\Users\Koushik Gaddam\OneDrive\Desktop\KOUSHIK\backend\HealthInsurance.API\bin\Debug\net8.0\HealthInsurance.Domain.dll' because it is being used by another process. [C:\Users\Koushik Gaddam\OneDrive\Desktop\KOUSHIK\backend\HealthInsurance.API\HealthInsurance.API.csproj]
C:\Program Files\dotnet\sdk\9.0.310\Microsoft.Common.CurrentVersion.targets(5093,5): error MSB3021: Unable to copy file "C:\Users\Koushik Gaddam\OneDrive\Desktop\KOUSHIK\backend\HealthInsurance.Application\bin\Debug\net8.0\HealthInsurance.Application.dll" to "bin\Debug\net8.0\HealthInsurance.Application.dll". The process cannot access the file 'C:\Users\Koushik Gaddam\OneDrive\Desktop\KOUSHIK\backend\HealthInsurance.API\bin\Debug\net8.0\HealthInsurance.Application.dll' because it is being used by another process. [C:\Users\Koushik Gaddam\OneDrive\Desktop\KOUSHIK\backend\HealthInsurance.API\HealthInsurance.API.csproj]
C:\Program Files\dotnet\sdk\9.0.310\Microsoft.Common.CurrentVersion.targets(5093,5): error MSB3021: Unable to copy file "C:\Users\Koushik Gaddam\OneDrive\Desktop\KOUSHIK\backend\HealthInsurance.Infrastructure\bin\Debug\net8.0\HealthInsurance.Infrastructure.dll" to "bin\Debug\net8.0\HealthInsurance.Infrastructure.dll". The process cannot access the file 'C:\Users\Koushik Gaddam\OneDrive\Desktop\KOUSHIK\backend\HealthInsurance.API\bin\Debug\net8.0\HealthInsurance.Infrastructure.dll' because it is being used by another process. [C:\Users\Koushik Gaddam\OneDrive\Desktop\KOUSHIK\backend\HealthInsurance.API\HealthInsurance.API.csproj]
    54 Warning(s)
    6 Error(s)

Time Elapsed 00:00:13.05
