MSBUILD : error MSB1009: Project file does not exist.
Switch: backend\HealthInsurance.API\HealthInsurance.API.csproj
