  Determining projects to restore...
C:\Users\Koushik Gaddam\OneDrive\Desktop\KOUSHIK\backend\HealthInsurance.Infrastructure\HealthInsurance.Infrastructure.csproj : warning NU1701: Package 'LightInject.Web 2.0.0' was restored using '.NETFramework,Version=v4.6.1, .NETFramework,Version=v4.6.2, .NETFramework,Version=v4.7, .NETFramework,Version=v4.7.1, .NETFramework,Version=v4.7.2, .NETFramework,Version=v4.8, .NETFramework,Version=v4.8.1' instead of the project target framework 'net8.0'. This package may not be fully compatible with your project. [C:\Users\Koushik Gaddam\OneDrive\Desktop\KOUSHIK\backend\backend.sln]
C:\Users\Koushik Gaddam\OneDrive\Desktop\KOUSHIK\backend\HealthInsurance.API\HealthInsurance.API.csproj : warning NU1701: Package 'LightInject.Web 2.0.0' was restored using '.NETFramework,Version=v4.6.1, .NETFramework,Version=v4.6.2, .NETFramework,Version=v4.7, .NETFramework,Version=v4.7.1, .NETFramework,Version=v4.7.2, .NETFramework,Version=v4.8, .NETFramework,Version=v4.8.1' instead of the project target framework 'net8.0'. This package may not be fully compatible with your project. [C:\Users\Koushik Gaddam\OneDrive\Desktop\KOUSHIK\backend\backend.sln]
C:\Users\Koushik Gaddam\OneDrive\Desktop\KOUSHIK\backend\HealthInsurance.Infrastructure\HealthInsurance.Infrastructure.csproj : warning NU1701: Package 'Microsoft.AspNet.Identity.Core 2.2.2' was restored using '.NETFramework,Version=v4.6.1, .NETFramework,Version=v4.6.2, .NETFramework,Version=v4.7, .NETFramework,Version=v4.7.1, .NETFramework,Version=v4.7.2, .NETFramework,Version=v4.8, .NETFramework,Version=v4.8.1' instead of the project target framework 'net8.0'. This package may not be fully compatible with your project. [C:\Users\Koushik Gaddam\OneDrive\Desktop\KOUSHIK\backend\backend.sln]
C:\Users\Koushik Gaddam\OneDrive\Desktop\KOUSHIK\backend\HealthInsurance.API\HealthInsurance.API.csproj : warning NU1701: Package 'Microsoft.AspNet.Identity.Core 2.2.2' was restored using '.NETFramework,Version=v4.6.1, .NETFramework,Version=v4.6.2, .NETFramework,Version=v4.7, .NETFramework,Version=v4.7.1, .NETFramework,Version=v4.7.2, .NETFramework,Version=v4.8, .NETFramework,Version=v4.8.1' instead of the project target framework 'net8.0'. This package may not be fully compatible with your project. [C:\Users\Koushik Gaddam\OneDrive\Desktop\KOUSHIK\backend\backend.sln]
C:\Users\Koushik Gaddam\OneDrive\Desktop\KOUSHIK\backend\HealthInsurance.API\HealthInsurance.API.csproj : warning NU1701: Package 'Microsoft.Owin 4.0.1' was restored using '.NETFramework,Version=v4.6.1, .NETFramework,Version=v4.6.2, .NETFramework,Version=v4.7, .NETFramework,Version=v4.7.1, .NETFramework,Version=v4.7.2, .NETFramework,Version=v4.8, .NETFramework,Version=v4.8.1' instead of the project target framework 'net8.0'. This package may not be fully compatible with your project. [C:\Users\Koushik Gaddam\OneDrive\Desktop\KOUSHIK\backend\backend.sln]
C:\Users\Koushik Gaddam\OneDrive\Desktop\KOUSHIK\backend\HealthInsurance.API\HealthInsurance.API.csproj : warning NU1701: Package 'MiniProfiler 4.0.138' was restored using '.NETFramework,Version=v4.6.1, .NETFramework,Version=v4.6.2, .NETFramework,Version=v4.7, .NETFramework,Version=v4.7.1, .NETFramework,Version=v4.7.2, .NETFramework,Version=v4.8, .NETFramework,Version=v4.8.1' instead of the project target framework 'net8.0'. This package may not be fully compatible with your project. [C:\Users\Koushik Gaddam\OneDrive\Desktop\KOUSHIK\backend\backend.sln]
C:\Users\Koushik Gaddam\OneDrive\Desktop\KOUSHIK\backend\HealthInsurance.Infrastructure\HealthInsurance.Infrastructure.csproj : warning NU1701: Package 'Microsoft.Owin 4.0.1' was restored using '.NETFramework,Version=v4.6.1, .NETFramework,Version=v4.6.2, .NETFramework,Version=v4.7, .NETFramework,Version=v4.7.1, .NETFramework,Version=v4.7.2, .NETFramework,Version=v4.8, .NETFramework,Version=v4.8.1' instead of the project target framework 'net8.0'. This package may not be fully compatible with your project. [C:\Users\Koushik Gaddam\OneDrive\Desktop\KOUSHIK\backend\backend.sln]
C:\Users\Koushik Gaddam\OneDrive\Desktop\KOUSHIK\backend\HealthInsurance.API\HealthInsurance.API.csproj : warning NU1701: Package 'Owin 1.0.0' was restored using '.NETFramework,Version=v4.6.1, .NETFramework,Version=v4.6.2, .NETFramework,Version=v4.7, .NETFramework,Version=v4.7.1, .NETFramework,Version=v4.7.2, .NETFramework,Version=v4.8, .NETFramework,Version=v4.8.1' instead of the project target framework 'net8.0'. This package may not be fully compatible with your project. [C:\Users\Koushik Gaddam\OneDrive\Desktop\KOUSHIK\backend\backend.sln]
C:\Users\Koushik Gaddam\OneDrive\Desktop\KOUSHIK\backend\HealthInsurance.Infrastructure\HealthInsurance.Infrastructure.csproj : warning NU1701: Package 'MiniProfiler 4.0.138' was restored using '.NETFramework,Version=v4.6.1, .NETFramework,Version=v4.6.2, .NETFramework,Version=v4.7, .NETFramework,Version=v4.7.1, .NETFramework,Version=v4.7.2, .NETFramework,Version=v4.8, .NETFramework,Version=v4.8.1' instead of the project target framework 'net8.0'. This package may not be fully compatible with your project. [C:\Users\Koushik Gaddam\OneDrive\Desktop\KOUSHIK\backend\backend.sln]
C:\Users\Koushik Gaddam\OneDrive\Desktop\KOUSHIK\backend\HealthInsurance.API\HealthInsurance.API.csproj : warning NU1701: Package 'UmbracoCms.Core 8.18.15' was restored using '.NETFramework,Version=v4.6.1, .NETFramework,Version=v4.6.2, .NETFramework,Version=v4.7, .NETFramework,Version=v4.7.1, .NETFramework,Version=v4.7.2, .NETFramework,Version=v4.8, .NETFramework,Version=v4.8.1' instead of the project target framework 'net8.0'. This package may not be fully compatible with your project. [C:\Users\Koushik Gaddam\OneDrive\Desktop\KOUSHIK\backend\backend.sln]
C:\Users\Koushik Gaddam\OneDrive\Desktop\KOUSHIK\backend\HealthInsurance.Infrastructure\HealthInsurance.Infrastructure.csproj : warning NU1701: Package 'Owin 1.0.0' was restored using '.NETFramework,Version=v4.6.1, .NETFramework,Version=v4.6.2, .NETFramework,Version=v4.7, .NETFramework,Version=v4.7.1, .NETFramework,Version=v4.7.2, .NETFramework,Version=v4.8, .NETFramework,Version=v4.8.1' instead of the project target framework 'net8.0'. This package may not be fully compatible with your project. [C:\Users\Koushik Gaddam\OneDrive\Desktop\KOUSHIK\backend\backend.sln]
C:\Users\Koushik Gaddam\OneDrive\Desktop\KOUSHIK\backend\HealthInsurance.Infrastructure\HealthInsurance.Infrastructure.csproj : warning NU1701: Package 'UmbracoCms.Core 8.18.15' was restored using '.NETFramework,Version=v4.6.1, .NETFramework,Version=v4.6.2, .NETFramework,Version=v4.7, .NETFramework,Version=v4.7.1, .NETFramework,Version=v4.7.2, .NETFramework,Version=v4.8, .NETFramework,Version=v4.8.1' instead of the project target framework 'net8.0'. This package may not be fully compatible with your project. [C:\Users\Koushik Gaddam\OneDrive\Desktop\KOUSHIK\backend\backend.sln]
  All projects are up-to-date for restore.
C:\Users\Koushik Gaddam\OneDrive\Desktop\KOUSHIK\backend\HealthInsurance.Infrastructure\HealthInsurance.Infrastructure.csproj : warning NU1701: Package 'LightInject.Web 2.0.0' was restored using '.NETFramework,Version=v4.6.1, .NETFramework,Version=v4.6.2, .NETFramework,Version=v4.7, .NETFramework,Version=v4.7.1, .NETFramework,Version=v4.7.2, .NETFramework,Version=v4.8, .NETFramework,Version=v4.8.1' instead of the project target framework 'net8.0'. This package may not be fully compatible with your project.
C:\Users\Koushik Gaddam\OneDrive\Desktop\KOUSHIK\backend\HealthInsurance.Infrastructure\HealthInsurance.Infrastructure.csproj : warning NU1701: Package 'Microsoft.AspNet.Identity.Core 2.2.2' was restored using '.NETFramework,Version=v4.6.1, .NETFramework,Version=v4.6.2, .NETFramework,Version=v4.7, .NETFramework,Version=v4.7.1, .NETFramework,Version=v4.7.2, .NETFramework,Version=v4.8, .NETFramework,Version=v4.8.1' instead of the project target framework 'net8.0'. This package may not be fully compatible with your project.
C:\Users\Koushik Gaddam\OneDrive\Desktop\KOUSHIK\backend\HealthInsurance.Infrastructure\HealthInsurance.Infrastructure.csproj : warning NU1701: Package 'Microsoft.Owin 4.0.1' was restored using '.NETFramework,Version=v4.6.1, .NETFramework,Version=v4.6.2, .NETFramework,Version=v4.7, .NETFramework,Version=v4.7.1, .NETFramework,Version=v4.7.2, .NETFramework,Version=v4.8, .NETFramework,Version=v4.8.1' instead of the project target framework 'net8.0'. This package may not be fully compatible with your project.
C:\Users\Koushik Gaddam\OneDrive\Desktop\KOUSHIK\backend\HealthInsurance.Infrastructure\HealthInsurance.Infrastructure.csproj : warning NU1701: Package 'MiniProfiler 4.0.138' was restored using '.NETFramework,Version=v4.6.1, .NETFramework,Version=v4.6.2, .NETFramework,Version=v4.7, .NETFramework,Version=v4.7.1, .NETFramework,Version=v4.7.2, .NETFramework,Version=v4.8, .NETFramework,Version=v4.8.1' instead of the project target framework 'net8.0'. This package may not be fully compatible with your project.
C:\Users\Koushik Gaddam\OneDrive\Desktop\KOUSHIK\backend\HealthInsurance.Infrastructure\HealthInsurance.Infrastructure.csproj : warning NU1701: Package 'Owin 1.0.0' was restored using '.NETFramework,Version=v4.6.1, .NETFramework,Version=v4.6.2, .NETFramework,Version=v4.7, .NETFramework,Version=v4.7.1, .NETFramework,Version=v4.7.2, .NETFramework,Version=v4.8, .NETFramework,Version=v4.8.1' instead of the project target framework 'net8.0'. This package may not be fully compatible with your project.
C:\Users\Koushik Gaddam\OneDrive\Desktop\KOUSHIK\backend\HealthInsurance.Infrastructure\HealthInsurance.Infrastructure.csproj : warning NU1701: Package 'UmbracoCms.Core 8.18.15' was restored using '.NETFramework,Version=v4.6.1, .NETFramework,Version=v4.6.2, .NETFramework,Version=v4.7, .NETFramework,Version=v4.7.1, .NETFramework,Version=v4.7.2, .NETFramework,Version=v4.8, .NETFramework,Version=v4.8.1' instead of the project target framework 'net8.0'. This package may not be fully compatible with your project.
C:\Users\Koushik Gaddam\OneDrive\Desktop\KOUSHIK\backend\HealthInsurance.API\HealthInsurance.API.csproj : warning NU1701: Package 'LightInject.Web 2.0.0' was restored using '.NETFramework,Version=v4.6.1, .NETFramework,Version=v4.6.2, .NETFramework,Version=v4.7, .NETFramework,Version=v4.7.1, .NETFramework,Version=v4.7.2, .NETFramework,Version=v4.8, .NETFramework,Version=v4.8.1' instead of the project target framework 'net8.0'. This package may not be fully compatible with your project.
C:\Users\Koushik Gaddam\OneDrive\Desktop\KOUSHIK\backend\HealthInsurance.API\HealthInsurance.API.csproj : warning NU1701: Package 'Microsoft.AspNet.Identity.Core 2.2.2' was restored using '.NETFramework,Version=v4.6.1, .NETFramework,Version=v4.6.2, .NETFramework,Version=v4.7, .NETFramework,Version=v4.7.1, .NETFramework,Version=v4.7.2, .NETFramework,Version=v4.8, .NETFramework,Version=v4.8.1' instead of the project target framework 'net8.0'. This package may not be fully compatible with your project.
C:\Users\Koushik Gaddam\OneDrive\Desktop\KOUSHIK\backend\HealthInsurance.API\HealthInsurance.API.csproj : warning NU1701: Package 'Microsoft.Owin 4.0.1' was restored using '.NETFramework,Version=v4.6.1, .NETFramework,Version=v4.6.2, .NETFramework,Version=v4.7, .NETFramework,Version=v4.7.1, .NETFramework,Version=v4.7.2, .NETFramework,Version=v4.8, .NETFramework,Version=v4.8.1' instead of the project target framework 'net8.0'. This package may not be fully compatible with your project.
C:\Users\Koushik Gaddam\OneDrive\Desktop\KOUSHIK\backend\HealthInsurance.API\HealthInsurance.API.csproj : warning NU1701: Package 'MiniProfiler 4.0.138' was restored using '.NETFramework,Version=v4.6.1, .NETFramework,Version=v4.6.2, .NETFramework,Version=v4.7, .NETFramework,Version=v4.7.1, .NETFramework,Version=v4.7.2, .NETFramework,Version=v4.8, .NETFramework,Version=v4.8.1' instead of the project target framework 'net8.0'. This package may not be fully compatible with your project.
C:\Users\Koushik Gaddam\OneDrive\Desktop\KOUSHIK\backend\HealthInsurance.API\HealthInsurance.API.csproj : warning NU1701: Package 'Owin 1.0.0' was restored using '.NETFramework,Version=v4.6.1, .NETFramework,Version=v4.6.2, .NETFramework,Version=v4.7, .NETFramework,Version=v4.7.1, .NETFramework,Version=v4.7.2, .NETFramework,Version=v4.8, .NETFramework,Version=v4.8.1' instead of the project target framework 'net8.0'. This package may not be fully compatible with your project.
C:\Users\Koushik Gaddam\OneDrive\Desktop\KOUSHIK\backend\HealthInsurance.API\HealthInsurance.API.csproj : warning NU1701: Package 'UmbracoCms.Core 8.18.15' was restored using '.NETFramework,Version=v4.6.1, .NETFramework,Version=v4.6.2, .NETFramework,Version=v4.7, .NETFramework,Version=v4.7.1, .NETFramework,Version=v4.7.2, .NETFramework,Version=v4.8, .NETFramework,Version=v4.8.1' instead of the project target framework 'net8.0'. This package may not be fully compatible with your project.
  HealthInsurance.Domain -> C:\Users\Koushik Gaddam\OneDrive\Desktop\KOUSHIK\backend\HealthInsurance.Domain\bin\Debug\net8.0\HealthInsurance.Domain.dll
  HealthInsurance.Application -> C:\Users\Koushik Gaddam\OneDrive\Desktop\KOUSHIK\backend\HealthInsurance.Application\bin\Debug\net8.0\HealthInsurance.Application.dll
  HealthInsurance.Infrastructure -> C:\Users\Koushik Gaddam\OneDrive\Desktop\KOUSHIK\backend\HealthInsurance.Infrastructure\bin\Debug\net8.0\HealthInsurance.Infrastructure.dll
C:\Users\Koushik Gaddam\OneDrive\Desktop\KOUSHIK\backend\HealthInsurance.Tests\PremiumServiceTests.cs(21,35): error CS7036: There is no argument given that corresponds to the required parameter 'policyRepository' of 'PremiumService.PremiumService(IQuoteRepository, IGenericRepository<Policy>)' [C:\Users\Koushik Gaddam\OneDrive\Desktop\KOUSHIK\backend\HealthInsurance.Tests\HealthInsurance.Tests.csproj]
C:\Users\Koushik Gaddam\OneDrive\Desktop\KOUSHIK\backend\HealthInsurance.Tests\PremiumServiceTests.cs(47,100): warning xUnit1026: Theory method 'CalculateQuoteAsync_ShouldApplyCorrectTierMultiplier' on test class 'PremiumServiceTests' does not use parameter 'expectedMultiplier'. Use the parameter, or remove the parameter and associated data. (https://xunit.net/xunit.analyzers/rules/xUnit1026) [C:\Users\Koushik Gaddam\OneDrive\Desktop\KOUSHIK\backend\HealthInsurance.Tests\HealthInsurance.Tests.csproj]
  HealthInsurance.API -> C:\Users\Koushik Gaddam\OneDrive\Desktop\KOUSHIK\backend\HealthInsurance.API\bin\Debug\net8.0\HealthInsurance.API.dll

Build FAILED.

C:\Users\Koushik Gaddam\OneDrive\Desktop\KOUSHIK\backend\HealthInsurance.Infrastructure\HealthInsurance.Infrastructure.csproj : warning NU1701: Package 'LightInject.Web 2.0.0' was restored using '.NETFramework,Version=v4.6.1, .NETFramework,Version=v4.6.2, .NETFramework,Version=v4.7, .NETFramework,Version=v4.7.1, .NETFramework,Version=v4.7.2, .NETFramework,Version=v4.8, .NETFramework,Version=v4.8.1' instead of the project target framework 'net8.0'. This package may not be fully compatible with your project. [C:\Users\Koushik Gaddam\OneDrive\Desktop\KOUSHIK\backend\backend.sln]
C:\Users\Koushik Gaddam\OneDrive\Desktop\KOUSHIK\backend\HealthInsurance.API\HealthInsurance.API.csproj : warning NU1701: Package 'LightInject.Web 2.0.0' was restored using '.NETFramework,Version=v4.6.1, .NETFramework,Version=v4.6.2, .NETFramework,Version=v4.7, .NETFramework,Version=v4.7.1, .NETFramework,Version=v4.7.2, .NETFramework,Version=v4.8, .NETFramework,Version=v4.8.1' instead of the project target framework 'net8.0'. This package may not be fully compatible with your project. [C:\Users\Koushik Gaddam\OneDrive\Desktop\KOUSHIK\backend\backend.sln]
C:\Users\Koushik Gaddam\OneDrive\Desktop\KOUSHIK\backend\HealthInsurance.Infrastructure\HealthInsurance.Infrastructure.csproj : warning NU1701: Package 'Microsoft.AspNet.Identity.Core 2.2.2' was restored using '.NETFramework,Version=v4.6.1, .NETFramework,Version=v4.6.2, .NETFramework,Version=v4.7, .NETFramework,Version=v4.7.1, .NETFramework,Version=v4.7.2, .NETFramework,Version=v4.8, .NETFramework,Version=v4.8.1' instead of the project target framework 'net8.0'. This package may not be fully compatible with your project. [C:\Users\Koushik Gaddam\OneDrive\Desktop\KOUSHIK\backend\backend.sln]
C:\Users\Koushik Gaddam\OneDrive\Desktop\KOUSHIK\backend\HealthInsurance.API\HealthInsurance.API.csproj : warning NU1701: Package 'Microsoft.AspNet.Identity.Core 2.2.2' was restored using '.NETFramework,Version=v4.6.1, .NETFramework,Version=v4.6.2, .NETFramework,Version=v4.7, .NETFramework,Version=v4.7.1, .NETFramework,Version=v4.7.2, .NETFramework,Version=v4.8, .NETFramework,Version=v4.8.1' instead of the project target framework 'net8.0'. This package may not be fully compatible with your project. [C:\Users\Koushik Gaddam\OneDrive\Desktop\KOUSHIK\backend\backend.sln]
C:\Users\Koushik Gaddam\OneDrive\Desktop\KOUSHIK\backend\HealthInsurance.API\HealthInsurance.API.csproj : warning NU1701: Package 'Microsoft.Owin 4.0.1' was restored using '.NETFramework,Version=v4.6.1, .NETFramework,Version=v4.6.2, .NETFramework,Version=v4.7, .NETFramework,Version=v4.7.1, .NETFramework,Version=v4.7.2, .NETFramework,Version=v4.8, .NETFramework,Version=v4.8.1' instead of the project target framework 'net8.0'. This package may not be fully compatible with your project. [C:\Users\Koushik Gaddam\OneDrive\Desktop\KOUSHIK\backend\backend.sln]
C:\Users\Koushik Gaddam\OneDrive\Desktop\KOUSHIK\backend\HealthInsurance.API\HealthInsurance.API.csproj : warning NU1701: Package 'MiniProfiler 4.0.138' was restored using '.NETFramework,Version=v4.6.1, .NETFramework,Version=v4.6.2, .NETFramework,Version=v4.7, .NETFramework,Version=v4.7.1, .NETFramework,Version=v4.7.2, .NETFramework,Version=v4.8, .NETFramework,Version=v4.8.1' instead of the project target framework 'net8.0'. This package may not be fully compatible with your project. [C:\Users\Koushik Gaddam\OneDrive\Desktop\KOUSHIK\backend\backend.sln]
C:\Users\Koushik Gaddam\OneDrive\Desktop\KOUSHIK\backend\HealthInsurance.Infrastructure\HealthInsurance.Infrastructure.csproj : warning NU1701: Package 'Microsoft.Owin 4.0.1' was restored using '.NETFramework,Version=v4.6.1, .NETFramework,Version=v4.6.2, .NETFramework,Version=v4.7, .NETFramework,Version=v4.7.1, .NETFramework,Version=v4.7.2, .NETFramework,Version=v4.8, .NETFramework,Version=v4.8.1' instead of the project target framework 'net8.0'. This package may not be fully compatible with your project. [C:\Users\Koushik Gaddam\OneDrive\Desktop\KOUSHIK\backend\backend.sln]
C:\Users\Koushik Gaddam\OneDrive\Desktop\KOUSHIK\backend\HealthInsurance.API\HealthInsurance.API.csproj : warning NU1701: Package 'Owin 1.0.0' was restored using '.NETFramework,Version=v4.6.1, .NETFramework,Version=v4.6.2, .NETFramework,Version=v4.7, .NETFramework,Version=v4.7.1, .NETFramework,Version=v4.7.2, .NETFramework,Version=v4.8, .NETFramework,Version=v4.8.1' instead of the project target framework 'net8.0'. This package may not be fully compatible with your project. [C:\Users\Koushik Gaddam\OneDrive\Desktop\KOUSHIK\backend\backend.sln]
C:\Users\Koushik Gaddam\OneDrive\Desktop\KOUSHIK\backend\HealthInsurance.Infrastructure\HealthInsurance.Infrastructure.csproj : warning NU1701: Package 'MiniProfiler 4.0.138' was restored using '.NETFramework,Version=v4.6.1, .NETFramework,Version=v4.6.2, .NETFramework,Version=v4.7, .NETFramework,Version=v4.7.1, .NETFramework,Version=v4.7.2, .NETFramework,Version=v4.8, .NETFramework,Version=v4.8.1' instead of the project target framework 'net8.0'. This package may not be fully compatible with your project. [C:\Users\Koushik Gaddam\OneDrive\Desktop\KOUSHIK\backend\backend.sln]
C:\Users\Koushik Gaddam\OneDrive\Desktop\KOUSHIK\backend\HealthInsurance.API\HealthInsurance.API.csproj : warning NU1701: Package 'UmbracoCms.Core 8.18.15' was restored using '.NETFramework,Version=v4.6.1, .NETFramework,Version=v4.6.2, .NETFramework,Version=v4.7, .NETFramework,Version=v4.7.1, .NETFramework,Version=v4.7.2, .NETFramework,Version=v4.8, .NETFramework,Version=v4.8.1' instead of the project target framework 'net8.0'. This package may not be fully compatible with your project. [C:\Users\Koushik Gaddam\OneDrive\Desktop\KOUSHIK\backend\backend.sln]
C:\Users\Koushik Gaddam\OneDrive\Desktop\KOUSHIK\backend\HealthInsurance.Infrastructure\HealthInsurance.Infrastructure.csproj : warning NU1701: Package 'Owin 1.0.0' was restored using '.NETFramework,Version=v4.6.1, .NETFramework,Version=v4.6.2, .NETFramework,Version=v4.7, .NETFramework,Version=v4.7.1, .NETFramework,Version=v4.7.2, .NETFramework,Version=v4.8, .NETFramework,Version=v4.8.1' instead of the project target framework 'net8.0'. This package may not be fully compatible with your project. [C:\Users\Koushik Gaddam\OneDrive\Desktop\KOUSHIK\backend\backend.sln]
C:\Users\Koushik Gaddam\OneDrive\Desktop\KOUSHIK\backend\HealthInsurance.Infrastructure\HealthInsurance.Infrastructure.csproj : warning NU1701: Package 'UmbracoCms.Core 8.18.15' was restored using '.NETFramework,Version=v4.6.1, .NETFramework,Version=v4.6.2, .NETFramework,Version=v4.7, .NETFramework,Version=v4.7.1, .NETFramework,Version=v4.7.2, .NETFramework,Version=v4.8, .NETFramework,Version=v4.8.1' instead of the project target framework 'net8.0'. This package may not be fully compatible with your project. [C:\Users\Koushik Gaddam\OneDrive\Desktop\KOUSHIK\backend\backend.sln]
C:\Users\Koushik Gaddam\OneDrive\Desktop\KOUSHIK\backend\HealthInsurance.Infrastructure\HealthInsurance.Infrastructure.csproj : warning NU1701: Package 'LightInject.Web 2.0.0' was restored using '.NETFramework,Version=v4.6.1, .NETFramework,Version=v4.6.2, .NETFramework,Version=v4.7, .NETFramework,Version=v4.7.1, .NETFramework,Version=v4.7.2, .NETFramework,Version=v4.8, .NETFramework,Version=v4.8.1' instead of the project target framework 'net8.0'. This package may not be fully compatible with your project.
C:\Users\Koushik Gaddam\OneDrive\Desktop\KOUSHIK\backend\HealthInsurance.Infrastructure\HealthInsurance.Infrastructure.csproj : warning NU1701: Package 'Microsoft.AspNet.Identity.Core 2.2.2' was restored using '.NETFramework,Version=v4.6.1, .NETFramework,Version=v4.6.2, .NETFramework,Version=v4.7, .NETFramework,Version=v4.7.1, .NETFramework,Version=v4.7.2, .NETFramework,Version=v4.8, .NETFramework,Version=v4.8.1' instead of the project target framework 'net8.0'. This package may not be fully compatible with your project.
C:\Users\Koushik Gaddam\OneDrive\Desktop\KOUSHIK\backend\HealthInsurance.Infrastructure\HealthInsurance.Infrastructure.csproj : warning NU1701: Package 'Microsoft.Owin 4.0.1' was restored using '.NETFramework,Version=v4.6.1, .NETFramework,Version=v4.6.2, .NETFramework,Version=v4.7, .NETFramework,Version=v4.7.1, .NETFramework,Version=v4.7.2, .NETFramework,Version=v4.8, .NETFramework,Version=v4.8.1' instead of the project target framework 'net8.0'. This package may not be fully compatible with your project.
C:\Users\Koushik Gaddam\OneDrive\Desktop\KOUSHIK\backend\HealthInsurance.Infrastructure\HealthInsurance.Infrastructure.csproj : warning NU1701: Package 'MiniProfiler 4.0.138' was restored using '.NETFramework,Version=v4.6.1, .NETFramework,Version=v4.6.2, .NETFramework,Version=v4.7, .NETFramework,Version=v4.7.1, .NETFramework,Version=v4.7.2, .NETFramework,Version=v4.8, .NETFramework,Version=v4.8.1' instead of the project target framework 'net8.0'. This package may not be fully compatible with your project.
C:\Users\Koushik Gaddam\OneDrive\Desktop\KOUSHIK\backend\HealthInsurance.Infrastructure\HealthInsurance.Infrastructure.csproj : warning NU1701: Package 'Owin 1.0.0' was restored using '.NETFramework,Version=v4.6.1, .NETFramework,Version=v4.6.2, .NETFramework,Version=v4.7, .NETFramework,Version=v4.7.1, .NETFramework,Version=v4.7.2, .NETFramework,Version=v4.8, .NETFramework,Version=v4.8.1' instead of the project target framework 'net8.0'. This package may not be fully compatible with your project.
C:\Users\Koushik Gaddam\OneDrive\Desktop\KOUSHIK\backend\HealthInsurance.Infrastructure\HealthInsurance.Infrastructure.csproj : warning NU1701: Package 'UmbracoCms.Core 8.18.15' was restored using '.NETFramework,Version=v4.6.1, .NETFramework,Version=v4.6.2, .NETFramework,Version=v4.7, .NETFramework,Version=v4.7.1, .NETFramework,Version=v4.7.2, .NETFramework,Version=v4.8, .NETFramework,Version=v4.8.1' instead of the project target framework 'net8.0'. This package may not be fully compatible with your project.
C:\Users\Koushik Gaddam\OneDrive\Desktop\KOUSHIK\backend\HealthInsurance.API\HealthInsurance.API.csproj : warning NU1701: Package 'LightInject.Web 2.0.0' was restored using '.NETFramework,Version=v4.6.1, .NETFramework,Version=v4.6.2, .NETFramework,Version=v4.7, .NETFramework,Version=v4.7.1, .NETFramework,Version=v4.7.2, .NETFramework,Version=v4.8, .NETFramework,Version=v4.8.1' instead of the project target framework 'net8.0'. This package may not be fully compatible with your project.
C:\Users\Koushik Gaddam\OneDrive\Desktop\KOUSHIK\backend\HealthInsurance.API\HealthInsurance.API.csproj : warning NU1701: Package 'Microsoft.AspNet.Identity.Core 2.2.2' was restored using '.NETFramework,Version=v4.6.1, .NETFramework,Version=v4.6.2, .NETFramework,Version=v4.7, .NETFramework,Version=v4.7.1, .NETFramework,Version=v4.7.2, .NETFramework,Version=v4.8, .NETFramework,Version=v4.8.1' instead of the project target framework 'net8.0'. This package may not be fully compatible with your project.
C:\Users\Koushik Gaddam\OneDrive\Desktop\KOUSHIK\backend\HealthInsurance.API\HealthInsurance.API.csproj : warning NU1701: Package 'Microsoft.Owin 4.0.1' was restored using '.NETFramework,Version=v4.6.1, .NETFramework,Version=v4.6.2, .NETFramework,Version=v4.7, .NETFramework,Version=v4.7.1, .NETFramework,Version=v4.7.2, .NETFramework,Version=v4.8, .NETFramework,Version=v4.8.1' instead of the project target framework 'net8.0'. This package may not be fully compatible with your project.
C:\Users\Koushik Gaddam\OneDrive\Desktop\KOUSHIK\backend\HealthInsurance.API\HealthInsurance.API.csproj : warning NU1701: Package 'MiniProfiler 4.0.138' was restored using '.NETFramework,Version=v4.6.1, .NETFramework,Version=v4.6.2, .NETFramework,Version=v4.7, .NETFramework,Version=v4.7.1, .NETFramework,Version=v4.7.2, .NETFramework,Version=v4.8, .NETFramework,Version=v4.8.1' instead of the project target framework 'net8.0'. This package may not be fully compatible with your project.
C:\Users\Koushik Gaddam\OneDrive\Desktop\KOUSHIK\backend\HealthInsurance.API\HealthInsurance.API.csproj : warning NU1701: Package 'Owin 1.0.0' was restored using '.NETFramework,Version=v4.6.1, .NETFramework,Version=v4.6.2, .NETFramework,Version=v4.7, .NETFramework,Version=v4.7.1, .NETFramework,Version=v4.7.2, .NETFramework,Version=v4.8, .NETFramework,Version=v4.8.1' instead of the project target framework 'net8.0'. This package may not be fully compatible with your project.
C:\Users\Koushik Gaddam\OneDrive\Desktop\KOUSHIK\backend\HealthInsurance.API\HealthInsurance.API.csproj : warning NU1701: Package 'UmbracoCms.Core 8.18.15' was restored using '.NETFramework,Version=v4.6.1, .NETFramework,Version=v4.6.2, .NETFramework,Version=v4.7, .NETFramework,Version=v4.7.1, .NETFramework,Version=v4.7.2, .NETFramework,Version=v4.8, .NETFramework,Version=v4.8.1' instead of the project target framework 'net8.0'. This package may not be fully compatible with your project.
C:\Users\Koushik Gaddam\OneDrive\Desktop\KOUSHIK\backend\HealthInsurance.Tests\PremiumServiceTests.cs(47,100): warning xUnit1026: Theory method 'CalculateQuoteAsync_ShouldApplyCorrectTierMultiplier' on test class 'PremiumServiceTests' does not use parameter 'expectedMultiplier'. Use the parameter, or remove the parameter and associated data. (https://xunit.net/xunit.analyzers/rules/xUnit1026) [C:\Users\Koushik Gaddam\OneDrive\Desktop\KOUSHIK\backend\HealthInsurance.Tests\HealthInsurance.Tests.csproj]
C:\Users\Koushik Gaddam\OneDrive\Desktop\KOUSHIK\backend\HealthInsurance.Tests\PremiumServiceTests.cs(21,35): error CS7036: There is no argument given that corresponds to the required parameter 'policyRepository' of 'PremiumService.PremiumService(IQuoteRepository, IGenericRepository<Policy>)' [C:\Users\Koushik Gaddam\OneDrive\Desktop\KOUSHIK\backend\HealthInsurance.Tests\HealthInsurance.Tests.csproj]
    25 Warning(s)
    1 Error(s)

Time Elapsed 00:00:01.32
